Archive member included to satisfy reference by file (symbol)

/usr/lib/gcc/arm-none-eabi/10.3.1/thumb/v6-m/nofp/libgcc.a(_dvmd_tls.o)
                              CMakeFiles/picture_frame.dir/home/alexmanak/pico-sdk/src/rp2_common/pico_divider/divider_hardware.S.o (__aeabi_idiv0)
/usr/lib/gcc/arm-none-eabi/10.3.1/../../../arm-none-eabi/lib/thumb/v6-m/nofp/libg.a(lib_a-atexit.o)
                              /usr/lib/gcc/arm-none-eabi/10.3.1/../../../arm-none-eabi/lib/thumb/v6-m/nofp/crt0.o (atexit)
/usr/lib/gcc/arm-none-eabi/10.3.1/../../../arm-none-eabi/lib/thumb/v6-m/nofp/libg.a(lib_a-calloc.o)
                              CMakeFiles/picture_frame.dir/home/alexmanak/pico-sdk/src/rp2_common/pico_malloc/malloc.c.o (calloc)
/usr/lib/gcc/arm-none-eabi/10.3.1/../../../arm-none-eabi/lib/thumb/v6-m/nofp/libg.a(lib_a-callocr.o)
                              /usr/lib/gcc/arm-none-eabi/10.3.1/../../../arm-none-eabi/lib/thumb/v6-m/nofp/libg.a(lib_a-calloc.o) (_calloc_r)
/usr/lib/gcc/arm-none-eabi/10.3.1/../../../arm-none-eabi/lib/thumb/v6-m/nofp/libg.a(lib_a-fini.o)
                              /usr/lib/gcc/arm-none-eabi/10.3.1/../../../arm-none-eabi/lib/thumb/v6-m/nofp/crt0.o (__libc_fini_array)
/usr/lib/gcc/arm-none-eabi/10.3.1/../../../arm-none-eabi/lib/thumb/v6-m/nofp/libg.a(lib_a-impure.o)
                              /usr/lib/gcc/arm-none-eabi/10.3.1/../../../arm-none-eabi/lib/thumb/v6-m/nofp/libg.a(lib_a-calloc.o) (_impure_ptr)
/usr/lib/gcc/arm-none-eabi/10.3.1/../../../arm-none-eabi/lib/thumb/v6-m/nofp/libg.a(lib_a-init.o)
                              /usr/lib/gcc/arm-none-eabi/10.3.1/../../../arm-none-eabi/lib/thumb/v6-m/nofp/crt0.o (__libc_init_array)
/usr/lib/gcc/arm-none-eabi/10.3.1/../../../arm-none-eabi/lib/thumb/v6-m/nofp/libg.a(lib_a-lcltime_r.o)
                              CMakeFiles/picture_frame.dir/home/alexmanak/pico-sdk/src/common/pico_util/datetime.c.o (localtime_r)
/usr/lib/gcc/arm-none-eabi/10.3.1/../../../arm-none-eabi/lib/thumb/v6-m/nofp/libg.a(lib_a-malloc.o)
                              CMakeFiles/picture_frame.dir/home/alexmanak/pico-sdk/src/rp2_common/pico_malloc/malloc.c.o (malloc)
/usr/lib/gcc/arm-none-eabi/10.3.1/../../../arm-none-eabi/lib/thumb/v6-m/nofp/libg.a(lib_a-mallocr.o)
                              /usr/lib/gcc/arm-none-eabi/10.3.1/../../../arm-none-eabi/lib/thumb/v6-m/nofp/libg.a(lib_a-callocr.o) (_malloc_r)
/usr/lib/gcc/arm-none-eabi/10.3.1/../../../arm-none-eabi/lib/thumb/v6-m/nofp/libg.a(lib_a-memcmp.o)
                              CMakeFiles/picture_frame.dir/home/alexmanak/pico-sdk/src/rp2_common/pico_atomic/atomic.c.o (memcmp)
/usr/lib/gcc/arm-none-eabi/10.3.1/../../../arm-none-eabi/lib/thumb/v6-m/nofp/libg.a(lib_a-mktime.o)
                              CMakeFiles/picture_frame.dir/home/alexmanak/pico-sdk/src/common/pico_util/datetime.c.o (mktime)
/usr/lib/gcc/arm-none-eabi/10.3.1/../../../arm-none-eabi/lib/thumb/v6-m/nofp/libg.a(lib_a-mlock.o)
                              /usr/lib/gcc/arm-none-eabi/10.3.1/../../../arm-none-eabi/lib/thumb/v6-m/nofp/libg.a(lib_a-mallocr.o) (__malloc_lock)
/usr/lib/gcc/arm-none-eabi/10.3.1/../../../arm-none-eabi/lib/thumb/v6-m/nofp/libg.a(lib_a-month_lengths.o)
                              /usr/lib/gcc/arm-none-eabi/10.3.1/../../../arm-none-eabi/lib/thumb/v6-m/nofp/libg.a(lib_a-lcltime_r.o) (__month_lengths)
/usr/lib/gcc/arm-none-eabi/10.3.1/../../../arm-none-eabi/lib/thumb/v6-m/nofp/libg.a(lib_a-realloc.o)
                              CMakeFiles/picture_frame.dir/home/alexmanak/pico-sdk/src/rp2_common/pico_malloc/malloc.c.o (realloc)
/usr/lib/gcc/arm-none-eabi/10.3.1/../../../arm-none-eabi/lib/thumb/v6-m/nofp/libg.a(lib_a-reallocr.o)
                              /usr/lib/gcc/arm-none-eabi/10.3.1/../../../arm-none-eabi/lib/thumb/v6-m/nofp/libg.a(lib_a-realloc.o) (_realloc_r)
/usr/lib/gcc/arm-none-eabi/10.3.1/../../../arm-none-eabi/lib/thumb/v6-m/nofp/libg.a(lib_a-sbrkr.o)
                              /usr/lib/gcc/arm-none-eabi/10.3.1/../../../arm-none-eabi/lib/thumb/v6-m/nofp/libg.a(lib_a-mallocr.o) (_sbrk_r)
/usr/lib/gcc/arm-none-eabi/10.3.1/../../../arm-none-eabi/lib/thumb/v6-m/nofp/libg.a(lib_a-strlen-stub.o)
                              CMakeFiles/picture_frame.dir/home/alexmanak/pico-sdk/src/rp2_common/pico_stdio/stdio.c.o (strlen)
/usr/lib/gcc/arm-none-eabi/10.3.1/../../../arm-none-eabi/lib/thumb/v6-m/nofp/libg.a(lib_a-tzcalc_limits.o)
                              /usr/lib/gcc/arm-none-eabi/10.3.1/../../../arm-none-eabi/lib/thumb/v6-m/nofp/libg.a(lib_a-lcltime_r.o) (__tzcalc_limits)
/usr/lib/gcc/arm-none-eabi/10.3.1/../../../arm-none-eabi/lib/thumb/v6-m/nofp/libg.a(lib_a-tzlock.o)
                              /usr/lib/gcc/arm-none-eabi/10.3.1/../../../arm-none-eabi/lib/thumb/v6-m/nofp/libg.a(lib_a-lcltime_r.o) (__tz_lock)
/usr/lib/gcc/arm-none-eabi/10.3.1/../../../arm-none-eabi/lib/thumb/v6-m/nofp/libg.a(lib_a-tzset.o)
[...]
Memory Configuration

Name             Origin             Length             Attributes
FLASH            0x0000000010000000 0x0000000000200000 xr
RAM              0x0000000020000000 0x0000000000040000 xrw
SCRATCH_X        0x0000000020040000 0x0000000000001000 xrw
SCRATCH_Y        0x0000000020041000 0x0000000000001000 xrw
*default*        0x0000000000000000 0xffffffffffffffff

Linker script and memory map

LOAD /usr/lib/gcc/arm-none-eabi/10.3.1/thumb/v6-m/nofp/crti.o
LOAD /usr/lib/gcc/arm-none-eabi/10.3.1/thumb/v6-m/nofp/crtbegin.o
LOAD /usr/lib/gcc/arm-none-eabi/10.3.1/../../../arm-none-eabi/lib/thumb/v6-m/nofp/crt0.o

.flash_begin    0x0000000010000000        0x0
                0x0000000010000000                __flash_binary_start = .

.boot2          0x0000000010000000      0x100
                0x0000000010000000                __boot2_start__ = .
 *(.boot2)
 .boot2         0x0000000010000000      0x100 pico-sdk/src/rp2040/boot_stage2/CMakeFiles/bs2_default_library.dir/bs2_default_padded_checksummed.S.o
                0x0000000010000100                __boot2_end__ = .
                0x0000000000000001                ASSERT (((__boot2_end__ - __boot2_start__) == 0x100), ERROR: Pico second stage bootloader must be 256 bytes in size)

.text           0x0000000010000100     0x4bbc
                0x0000000010000100                __logical_binary_start = .
 *(.vectors)
 .vectors       0x0000000010000100       0xd4 CMakeFiles/picture_frame.dir/home/alexmanak/pico-sdk/src/rp2_common/pico_crt0/crt0.S.o
                0x0000000010000100                __vectors
                0x0000000010000100                __VECTOR_TABLE
                0x00000000100001c0                isr_irq30
                0x00000000100001c0                __unhandled_user_irq
                0x00000000100001c0                isr_irq13
                0x00000000100001c0                isr_irq27
                0x00000000100001c0                isr_irq31
                0x00000000100001c0                isr_irq5
                0x00000000100001c0                isr_irq11
                0x00000000100001c0                isr_irq23
                0x00000000100001c0                isr_irq18
                0x00000000100001c0                isr_irq28
                0x00000000100001c0                isr_irq19
                0x00000000100001c0                isr_irq0
                0x00000000100001c0                isr_irq6
                0x00000000100001c0                isr_irq22
                0x00000000100001c0                isr_irq17
                0x00000000100001c0                isr_irq14
                0x00000000100001c0                __vectors_end
                0x00000000100001c0                __default_isrs_start
                0x00000000100001c0                isr_irq2
                0x00000000100001c0                isr_irq10
                0x00000000100001c0                isr_irq8
                0x00000000100001c0                isr_irq24
                0x00000000100001c0                isr_irq1
                0x00000000100001c0                isr_irq7
                0x00000000100001c0                isr_irq21
                0x00000000100001c0                isr_irq20
                0x00000000100001c0                isr_irq15
                0x00000000100001c0                isr_irq25
                0x00000000100001c0                isr_irq4
                0x00000000100001c0                isr_irq16
                0x00000000100001c0                isr_irq29
                0x00000000100001c0                isr_irq26
                0x00000000100001c0                isr_irq3
                0x00000000100001c0                isr_irq12
                0x00000000100001c0                isr_irq9
                0x00000000100001c6                unhandled_user_irq_num_in_r0
                0x00000000100001c8                isr_invalid
                0x00000000100001ca                isr_nmi
                0x00000000100001cc                isr_hardfault
                0x00000000100001ce                isr_svcall
                0x00000000100001d0                isr_pendsv
                0x00000000100001d2                isr_systick
                0x00000000100001d4                __default_isrs_end
 *(.binary_info_header)
 .binary_info_header
                0x00000000100001d4       0x14 CMakeFiles/picture_frame.dir/home/alexmanak/pico-sdk/src/rp2_common/pico_crt0/crt0.S.o
                0x00000000100001e8                __binary_info_header_end = .
 *(.embedded_block)
                0x00000000100001e8                __embedded_block_end = .
 *(.reset)
 .reset         0x00000000100001e8       0x9c CMakeFiles/picture_frame.dir/home/alexmanak/pico-sdk/src/rp2_common/pico_crt0/crt0.S.o
                0x00000000100001e8                _entry_point
 *(.init)
 .init          0x0000000010000284        0x4 /usr/lib/gcc/arm-none-eabi/10.3.1/thumb/v6-m/nofp/crti.o
                0x0000000010000284                _init
 *(EXCLUDE_FILE(*libm.a: *libc.a:*lib_a-mem*.o *libgcc.a:) .text*)
 .text          0x0000000010000288       0x98 /usr/lib/gcc/arm-none-eabi/10.3.1/thumb/v6-m/nofp/crtbegin.o
 .text.lcd_send_byte.constprop.1
                0x0000000010000320      0x108 CMakeFiles/picture_frame.dir/picture_frame.c.o
 .text.lcd_init
                0x0000000010000428      0x148 CMakeFiles/picture_frame.dir/picture_frame.c.o
                0x0000000010000428                lcd_init
 .text.startup.main
                0x0000000010000570      0x17c CMakeFiles/picture_frame.dir/picture_frame.c.o
                0x0000000010000570                main
 .text.gpio_set_function
                0x00000000100006ec       0x34 CMakeFiles/picture_frame.dir/home/alexmanak/pico-sdk/src/rp2_common/hardware_gpio/gpio.c.o
                0x00000000100006ec                gpio_set_function
 .text.gpio_set_pulls
                0x0000000010000720       0x34 CMakeFiles/picture_frame.dir/home/alexmanak/pico-sdk/src/rp2_common/hardware_gpio/gpio.c.o
                0x0000000010000720                gpio_set_pulls
 .text.gpio_init
                0x0000000010000754       0x40 CMakeFiles/picture_frame.dir/home/alexmanak/pico-sdk/src/rp2_common/hardware_gpio/gpio.c.o
                0x0000000010000754                gpio_init
 .text.rp2040_chip_version
                0x0000000010000794        0xc CMakeFiles/picture_frame.dir/home/alexmanak/pico-sdk/src/rp2040/pico_platform/platform.c.o
                0x0000000010000794                rp2040_chip_version
 .text.panic    0x00000000100007a0       0x30 CMakeFiles/picture_frame.dir/home/alexmanak/pico-sdk/src/rp2_common/pico_platform_panic/panic.c.o
                0x00000000100007a0                panic
 .text.hw_claim_or_assert
                0x00000000100007d0       0x44 CMakeFiles/picture_frame.dir/home/alexmanak/pico-sdk/src/common/hardware_claim/claim.c.o
                0x00000000100007d0                hw_claim_or_assert
 .text.hw_claim_unused_from_range
                0x0000000010000814       0x9c CMakeFiles/picture_frame.dir/home/alexmanak/pico-sdk/src/common/hardware_claim/claim.c.o
                0x0000000010000814                hw_claim_unused_from_range
 .text.next_striped_spin_lock_num
                0x00000000100008b0       0x18 CMakeFiles/picture_frame.dir/home/alexmanak/pico-sdk/src/rp2_common/hardware_sync/sync.c.o
                0x00000000100008b0                next_striped_spin_lock_num
 .text.spin_lock_claim_unused
                0x00000000100008c8       0x20 CMakeFiles/picture_frame.dir/home/alexmanak/pico-sdk/src/rp2_common/hardware_sync/sync.c.o
                0x00000000100008c8                spin_lock_claim_unused
 .text.spin_locks_reset
                0x00000000100008e8       0x1c CMakeFiles/picture_frame.dir/home/alexmanak/pico-sdk/src/rp2_common/hardware_sync_spin_lock/sync_spin_lock.c.o
                0x00000000100008e8                spin_locks_reset
 .text.runtime_init_per_core_irq_priorities
                0x0000000010000904       0x24 CMakeFiles/picture_frame.dir/home/alexmanak/pico-sdk/src/rp2_common/hardware_irq/irq.c.o
                0x0000000010000904                runtime_init_per_core_irq_priorities
 .text.irq_set_enabled
                0x0000000010000928       0x24 CMakeFiles/picture_frame.dir/home/alexmanak/pico-sdk/src/rp2_common/hardware_irq/irq.c.o
                0x0000000010000928                irq_set_enabled
 .text.irq_is_enabled
                0x000000001000094c       0x18 CMakeFiles/picture_frame.dir/home/alexmanak/pico-sdk/src/rp2_common/hardware_irq/irq.c.o
                0x000000001000094c                irq_is_enabled
 .text.irq_set_pending
                0x0000000010000964       0x10 CMakeFiles/picture_frame.dir/home/alexmanak/pico-sdk/src/rp2_common/hardware_irq/irq.c.o
                0x0000000010000964                irq_set_pending
 .text.irq_has_shared_handler
                0x0000000010000974       0x24 CMakeFiles/picture_frame.dir/home/alexmanak/pico-sdk/src/rp2_common/hardware_irq/irq.c.o
                0x0000000010000974                irq_has_shared_handler
 .text.irq_set_exclusive_handler
                0x0000000010000998       0x54 CMakeFiles/picture_frame.dir/home/alexmanak/pico-sdk/src/rp2_common/hardware_irq/irq.c.o
                0x0000000010000998                irq_set_exclusive_handler
 .text.irq_add_shared_handler
                0x00000000100009ec      0x1e8 CMakeFiles/picture_frame.dir/home/alexmanak/pico-sdk/src/rp2_common/hardware_irq/irq.c.o
                0x00000000100009ec                irq_add_shared_handler
 .text.irq_add_tail_to_free_list
                0x0000000010000bd4       0xb4 CMakeFiles/picture_frame.dir/home/alexmanak/pico-sdk/src/rp2_common/hardware_irq/irq.c.o
                0x0000000010000bd4                irq_add_tail_to_free_list
 .text.user_irq_claim_unused
                0x0000000010000c88       0x28 CMakeFiles/picture_frame.dir/home/alexmanak/pico-sdk/src/rp2_common/hardware_irq/irq.c.o
                0x0000000010000c88                user_irq_claim_unused
 .text.lock_init
                0x0000000010000cb0       0x10 CMakeFiles/picture_frame.dir/home/alexmanak/pico-sdk/src/common/pico_sync/lock_core.c.o
                0x0000000010000cb0                lock_init
 .text.runtime_init_mutex
                0x0000000010000cc0       0x58 CMakeFiles/picture_frame.dir/home/alexmanak/pico-sdk/src/common/pico_sync/mutex.c.o
                0x0000000010000cc0                runtime_init_mutex
 .text.mutex_init
                0x0000000010000d18       0x1c CMakeFiles/picture_frame.dir/home/alexmanak/pico-sdk/src/common/pico_sync/mutex.c.o
                0x0000000010000d18                mutex_init
 .text.critical_section_init
                0x0000000010000d34       0x20 CMakeFiles/picture_frame.dir/home/alexmanak/pico-sdk/src/common/pico_sync/critical_section.c.o
                0x0000000010000d34                critical_section_init
 .text.critical_section_init_with_lock_num
                0x0000000010000d54       0x14 CMakeFiles/picture_frame.dir/home/alexmanak/pico-sdk/src/common/pico_sync/critical_section.c.o
                0x0000000010000d54                critical_section_init_with_lock_num
 .text.sleep_until_callback
                0x0000000010000d68       0x30 CMakeFiles/picture_frame.dir/home/alexmanak/pico-sdk/src/common/pico_time/time.c.o
 .text.alarm_pool_irq_handler
                0x0000000010000d98      0x308 CMakeFiles/picture_frame.dir/home/alexmanak/pico-sdk/src/common/pico_time/time.c.o
 .text.runtime_init_default_alarm_pool
                0x00000000100010a0       0xdc CMakeFiles/picture_frame.dir/home/alexmanak/pico-sdk/src/common/pico_time/time.c.o
                0x00000000100010a0                runtime_init_default_alarm_pool
 .text.alarm_pool_get_default
                0x000000001000117c        0x8 CMakeFiles/picture_frame.dir/home/alexmanak/pico-sdk/src/common/pico_time/time.c.o
                0x000000001000117c                alarm_pool_get_default
 .text.alarm_pool_add_alarm_at
                0x0000000010001184       0xc8 CMakeFiles/picture_frame.dir/home/alexmanak/pico-sdk/src/common/pico_time/time.c.o
                0x0000000010001184                alarm_pool_add_alarm_at
 .text.alarm_pool_add_alarm_at_force_in_context
                0x000000001000124c       0xb0 CMakeFiles/picture_frame.dir/home/alexmanak/pico-sdk/src/common/pico_time/time.c.o
                0x000000001000124c                alarm_pool_add_alarm_at_force_in_context
 .text.alarm_pool_cancel_alarm
                0x00000000100012fc       0x7c CMakeFiles/picture_frame.dir/home/alexmanak/pico-sdk/src/common/pico_time/time.c.o
                0x00000000100012fc                alarm_pool_cancel_alarm
 .text.alarm_pool_core_num
                0x0000000010001378        0x4 CMakeFiles/picture_frame.dir/home/alexmanak/pico-sdk/src/common/pico_time/time.c.o
                0x0000000010001378                alarm_pool_core_num
 .text.sleep_until
                0x000000001000137c       0xd0 CMakeFiles/picture_frame.dir/home/alexmanak/pico-sdk/src/common/pico_time/time.c.o
                0x000000001000137c                sleep_until
 .text.sleep_us
                0x000000001000144c       0x24 CMakeFiles/picture_frame.dir/home/alexmanak/pico-sdk/src/common/pico_time/time.c.o
                0x000000001000144c                sleep_us
 .text.sleep_ms
                0x0000000010001470       0x34 CMakeFiles/picture_frame.dir/home/alexmanak/pico-sdk/src/common/pico_time/time.c.o
                0x0000000010001470                sleep_ms
 .text.best_effort_wfe_or_timeout
                0x00000000100014a4       0xfc CMakeFiles/picture_frame.dir/home/alexmanak/pico-sdk/src/common/pico_time/time.c.o
                0x00000000100014a4                best_effort_wfe_or_timeout
 .text.timer_hardware_alarm_claim
                0x00000000100015a0       0x14 CMakeFiles/picture_frame.dir/home/alexmanak/pico-sdk/src/rp2_common/hardware_timer/timer.c.o
                0x00000000100015a0                timer_hardware_alarm_claim
 .text.timer_time_us_64
                0x00000000100015b4       0x10 CMakeFiles/picture_frame.dir/home/alexmanak/pico-sdk/src/rp2_common/hardware_timer/timer.c.o
                0x00000000100015b4                timer_time_us_64
 .text.time_us_64
                0x00000000100015c4       0x14 CMakeFiles/picture_frame.dir/home/alexmanak/pico-sdk/src/rp2_common/hardware_timer/timer.c.o
                0x00000000100015c4                time_us_64
 .text.busy_wait_until
                0x00000000100015d8       0x20 CMakeFiles/picture_frame.dir/home/alexmanak/pico-sdk/src/rp2_common/hardware_timer/timer.c.o
                0x00000000100015d8                busy_wait_until
 .text.clock_configure_int_divider
                0x00000000100015f8       0xf4 CMakeFiles/picture_frame.dir/home/alexmanak/pico-sdk/src/rp2_common/hardware_clocks/clocks.c.o
                0x00000000100015f8                clock_configure_int_divider
 .text.clock_configure_undivided
                0x00000000100016ec       0xe8 CMakeFiles/picture_frame.dir/home/alexmanak/pico-sdk/src/rp2_common/hardware_clocks/clocks.c.o
                0x00000000100016ec                clock_configure_undivided
 .text.clock_get_hz
                0x00000000100017d4        0xc CMakeFiles/picture_frame.dir/home/alexmanak/pico-sdk/src/rp2_common/hardware_clocks/clocks.c.o
                0x00000000100017d4                clock_get_hz
 .text.pll_init
                0x00000000100017e0       0xa0 CMakeFiles/picture_frame.dir/home/alexmanak/pico-sdk/src/rp2_common/hardware_pll/pll.c.o
                0x00000000100017e0                pll_init
 .text.watchdog_reboot
                0x0000000010001880       0x98 CMakeFiles/picture_frame.dir/home/alexmanak/pico-sdk/src/rp2_common/hardware_watchdog/watchdog.c.o
                0x0000000010001880                watchdog_reboot
 .text.tick_start
                0x0000000010001918       0x10 CMakeFiles/picture_frame.dir/home/alexmanak/pico-sdk/src/rp2_common/hardware_ticks/ticks.c.o
                0x0000000010001918                tick_start
 .text.rom_func_lookup
                0x0000000010001928       0x10 CMakeFiles/picture_frame.dir/home/alexmanak/pico-sdk/src/rp2_common/pico_bootrom/bootrom.c.o
                0x0000000010001928                rom_func_lookup
 .text.rom_data_lookup
                0x0000000010001938       0x10 CMakeFiles/picture_frame.dir/home/alexmanak/pico-sdk/src/rp2_common/pico_bootrom/bootrom.c.o
                0x0000000010001938                rom_data_lookup
 .text.rom_funcs_lookup
                0x0000000010001948       0x44 CMakeFiles/picture_frame.dir/home/alexmanak/pico-sdk/src/rp2_common/pico_bootrom/bootrom.c.o
                0x0000000010001948                rom_funcs_lookup
 .text.rom_reset_usb_boot_extra
                0x000000001000198c       0x28 CMakeFiles/picture_frame.dir/home/alexmanak/pico-sdk/src/rp2_common/pico_bootrom/bootrom.c.o
                0x000000001000198c                rom_reset_usb_boot_extra
 .text.xosc_init
                0x00000000100019b4       0x28 CMakeFiles/picture_frame.dir/home/alexmanak/pico-sdk/src/rp2_common/hardware_xosc/xosc.c.o
                0x00000000100019b4                xosc_init
 .text.first_per_core_initializer
                0x00000000100019dc        0x4 CMakeFiles/picture_frame.dir/home/alexmanak/pico-sdk/src/rp2_common/pico_runtime/runtime.c.o
 .text.hard_assertion_failure
                0x00000000100019e0        0xc CMakeFiles/picture_frame.dir/home/alexmanak/pico-sdk/src/rp2_common/pico_runtime/runtime.c.o
                0x00000000100019e0                hard_assertion_failure
 .text.runtime_run_initializers
                0x00000000100019ec       0x28 CMakeFiles/picture_frame.dir/home/alexmanak/pico-sdk/src/rp2_common/pico_runtime/runtime.c.o
                0x00000000100019ec                runtime_run_initializers
 .text.runtime_init_early_resets
                0x0000000010001a14       0x2c CMakeFiles/picture_frame.dir/home/alexmanak/pico-sdk/src/rp2_common/pico_runtime_init/runtime_init.c.o
                0x0000000010001a14                runtime_init_early_resets
 .text.runtime_init_usb_power_down
                0x0000000010001a40       0x1c CMakeFiles/picture_frame.dir/home/alexmanak/pico-sdk/src/rp2_common/pico_runtime_init/runtime_init.c.o
                0x0000000010001a40                runtime_init_usb_power_down
 .text.runtime_init_post_clock_resets
                0x0000000010001a5c       0x20 CMakeFiles/picture_frame.dir/home/alexmanak/pico-sdk/src/rp2_common/pico_runtime_init/runtime_init.c.o
                0x0000000010001a5c                runtime_init_post_clock_resets
 .text.runtime_init_rp2040_gpio_ie_disable
                0x0000000010001a7c       0x14 CMakeFiles/picture_frame.dir/home/alexmanak/pico-sdk/src/rp2_common/pico_runtime_init/runtime_init.c.o
                0x0000000010001a7c                runtime_init_rp2040_gpio_ie_disable
 .text.runtime_init_spin_locks_reset
                0x0000000010001a90        0x8 CMakeFiles/picture_frame.dir/home/alexmanak/pico-sdk/src/rp2_common/pico_runtime_init/runtime_init.c.o
                0x0000000010001a90                runtime_init_spin_locks_reset
 .text.runtime_init_install_ram_vector_table
                0x0000000010001a98       0xcc CMakeFiles/picture_frame.dir/home/alexmanak/pico-sdk/src/rp2_common/pico_runtime_init/runtime_init.c.o
                0x0000000010001a98                runtime_init_install_ram_vector_table
 .text.runtime_init_clocks
                0x0000000010001b64       0xd8 CMakeFiles/picture_frame.dir/home/alexmanak/pico-sdk/src/rp2_common/pico_runtime_init/runtime_init_clocks.c.o
                0x0000000010001b64                runtime_init_clocks
 .text          0x0000000010001c3c       0x10 CMakeFiles/picture_frame.dir/home/alexmanak/pico-sdk/src/rp2_common/pico_bit_ops/bit_ops_aeabi.S.o
 .text.__wrap___aeabi_uidiv
                0x0000000010001c4c       0x4c CMakeFiles/picture_frame.dir/home/alexmanak/pico-sdk/src/rp2_common/pico_divider/divider_hardware.S.o
                0x0000000010001c4c                __wrap___aeabi_uidiv
                0x0000000010001c4c                __wrap___aeabi_uidivmod
                0x0000000010001c4c                div_u32u32
                0x0000000010001c4c                divmod_u32u32
                0x0000000010001c54                divmod_u32u32_unsafe
                0x0000000010001c7c                divmod_u32u32_savestate
 .text.__aeabi_double_init
                0x0000000010001c98       0xa0 CMakeFiles/picture_frame.dir/home/alexmanak/pico-sdk/src/rp2_common/pico_double/double_init_rom_rp2040.c.o
                0x0000000010001c98                __aeabi_double_init
 .text.double_table_shim_on_use_helper
                0x0000000010001d38       0x2c CMakeFiles/picture_frame.dir/home/alexmanak/pico-sdk/src/rp2_common/pico_double/double_v1_rom_shim_rp2040.S.o
                0x0000000010001d38                double_table_shim_on_use_helper
 .text.__aeabi_lmul
                0x0000000010001d64       0x32 CMakeFiles/picture_frame.dir/home/alexmanak/pico-sdk/src/rp2_common/pico_int64_ops/pico_int64_ops_aeabi.S.o
                0x0000000010001d64                __wrap___aeabi_lmul
 *fill*         0x0000000010001d96        0x2 
 .text.__aeabi_float_init
                0x0000000010001d98       0x64 CMakeFiles/picture_frame.dir/home/alexmanak/pico-sdk/src/rp2_common/pico_float/float_init_rom_rp2040.c.o
                0x0000000010001d98                __aeabi_float_init
 .text.float_table_shim_on_use_helper
                0x0000000010001dfc       0x2c CMakeFiles/picture_frame.dir/home/alexmanak/pico-sdk/src/rp2_common/pico_float/float_v1_rom_shim_rp2040.S.o
                0x0000000010001dfc                float_table_shim_on_use_helper
 .text          0x0000000010001e28       0x10 CMakeFiles/picture_frame.dir/home/alexmanak/pico-sdk/src/rp2_common/pico_mem_ops/mem_ops_aeabi.S.o
                0x0000000010001e28                __aeabi_mem_init
 .text.memset   0x0000000010001e38        0xc CMakeFiles/picture_frame.dir/home/alexmanak/pico-sdk/src/rp2_common/pico_mem_ops/mem_ops_aeabi.S.o
                0x0000000010001e38                __wrap_memset
 .text.memcpy   0x0000000010001e44        0xc CMakeFiles/picture_frame.dir/home/alexmanak/pico-sdk/src/rp2_common/pico_mem_ops/mem_ops_aeabi.S.o
                0x0000000010001e44                __wrap___aeabi_memcpy
                0x0000000010001e44                __wrap_memcpy
 .text._out_char
                0x0000000010001e50       0x10 CMakeFiles/picture_frame.dir/home/alexmanak/pico-sdk/src/rp2_common/pico_printf/printf.c.o
 .text.weak_raw_vprintf
                0x0000000010001e60       0x30 CMakeFiles/picture_frame.dir/home/alexmanak/pico-sdk/src/rp2_common/pico_printf/printf.c.o
                0x0000000010001e60                weak_raw_vprintf
 .text._exit    0x0000000010001e90        0x4 CMakeFiles/picture_frame.dir/home/alexmanak/pico-sdk/src/rp2_common/pico_clib_interface/newlib_interface.c.o
                0x0000000010001e90                _exit
 .text.exit     0x0000000010001e94        0x8 CMakeFiles/picture_frame.dir/home/alexmanak/pico-sdk/src/rp2_common/pico_clib_interface/newlib_interface.c.o
                0x0000000010001e94                exit
 .text.runtime_init
                0x0000000010001e9c       0x2c CMakeFiles/picture_frame.dir/home/alexmanak/pico-sdk/src/rp2_common/pico_clib_interface/newlib_interface.c.o
                0x0000000010001e9c                runtime_init
 .text.stdio_out_chars_no_crlf
                0x0000000010001ec8       0x10 CMakeFiles/picture_frame.dir/home/alexmanak/pico-sdk/src/rp2_common/pico_stdio/stdio.c.o
 .text.stdio_out_chars_crlf
                0x0000000010001ed8       0xb4 CMakeFiles/picture_frame.dir/home/alexmanak/pico-sdk/src/rp2_common/pico_stdio/stdio.c.o
 .text.stdio_put_string
                0x0000000010001f8c      0x100 CMakeFiles/picture_frame.dir/home/alexmanak/pico-sdk/src/rp2_common/pico_stdio/stdio.c.o
                0x0000000010001f8c                stdio_put_string
 .text.stdio_set_driver_enabled
                0x000000001000208c       0x30 CMakeFiles/picture_frame.dir/home/alexmanak/pico-sdk/src/rp2_common/pico_stdio/stdio.c.o
                0x000000001000208c                stdio_set_driver_enabled
 .text.stdio_init_all
                0x00000000100020bc        0x8 CMakeFiles/picture_frame.dir/home/alexmanak/pico-sdk/src/rp2_common/pico_stdio/stdio.c.o
                0x00000000100020bc                stdio_init_all
 .text.__wrap_putchar
                0x00000000100020c4       0x98 CMakeFiles/picture_frame.dir/home/alexmanak/pico-sdk/src/rp2_common/pico_stdio/stdio.c.o
                0x00000000100020c4                stdio_putchar
                0x00000000100020c4                __wrap_putchar
 .text.__wrap_puts
                0x000000001000215c       0x3c CMakeFiles/picture_frame.dir/home/alexmanak/pico-sdk/src/rp2_common/pico_stdio/stdio.c.o
                0x000000001000215c                __wrap_puts
                0x000000001000215c                stdio_puts
 .text.resetd_init
                0x0000000010002198        0x4 CMakeFiles/picture_frame.dir/home/alexmanak/pico-sdk/src/rp2_common/pico_stdio_usb/reset_interface.c.o
 .text.resetd_reset
                0x000000001000219c        0xc CMakeFiles/picture_frame.dir/home/alexmanak/pico-sdk/src/rp2_common/pico_stdio_usb/reset_interface.c.o
 .text.resetd_open
                0x00000000100021a8       0x28 CMakeFiles/picture_frame.dir/home/alexmanak/pico-sdk/src/rp2_common/pico_stdio_usb/reset_interface.c.o
 .text.resetd_xfer_cb
                0x00000000100021d0        0x4 CMakeFiles/picture_frame.dir/home/alexmanak/pico-sdk/src/rp2_common/pico_stdio_usb/reset_interface.c.o
 .text.resetd_control_xfer_cb
                0x00000000100021d4       0x60 CMakeFiles/picture_frame.dir/home/alexmanak/pico-sdk/src/rp2_common/pico_stdio_usb/reset_interface.c.o
 .text.tud_descriptor_bos_cb
                0x0000000010002234        0x8 CMakeFiles/picture_frame.dir/home/alexmanak/pico-sdk/src/rp2_common/pico_stdio_usb/reset_interface.c.o
                0x0000000010002234                tud_descriptor_bos_cb
 .text.tud_vendor_control_xfer_cb
                0x000000001000223c       0x34 CMakeFiles/picture_frame.dir/home/alexmanak/pico-sdk/src/rp2_common/pico_stdio_usb/reset_interface.c.o
                0x000000001000223c                tud_vendor_control_xfer_cb
 .text.usbd_app_driver_get_cb
                0x0000000010002270        0xc CMakeFiles/picture_frame.dir/home/alexmanak/pico-sdk/src/rp2_common/pico_stdio_usb/reset_interface.c.o
                0x0000000010002270                usbd_app_driver_get_cb
 .text.tud_cdc_line_coding_cb
                0x000000001000227c       0x2c CMakeFiles/picture_frame.dir/home/alexmanak/pico-sdk/src/rp2_common/pico_stdio_usb/reset_interface.c.o
                0x000000001000227c                tud_cdc_line_coding_cb
 .text.stdio_usb_set_chars_available_callback
                0x00000000100022a8       0x14 CMakeFiles/picture_frame.dir/home/alexmanak/pico-sdk/src/rp2_common/pico_stdio_usb/stdio_usb.c.o
                0x00000000100022a8                stdio_usb_set_chars_available_callback
 .text.usb_irq  0x00000000100022bc       0x10 CMakeFiles/picture_frame.dir/home/alexmanak/pico-sdk/src/rp2_common/pico_stdio_usb/stdio_usb.c.o
 .text.timer_task
                0x00000000100022cc       0x64 CMakeFiles/picture_frame.dir/home/alexmanak/pico-sdk/src/rp2_common/pico_stdio_usb/stdio_usb.c.o
 .text.stdio_usb_in_chars
                0x0000000010002330       0x90 CMakeFiles/picture_frame.dir/home/alexmanak/pico-sdk/src/rp2_common/pico_stdio_usb/stdio_usb.c.o
                0x0000000010002330                stdio_usb_in_chars
 .text.stdio_usb_out_flush
                0x00000000100023c0       0x50 CMakeFiles/picture_frame.dir/home/alexmanak/pico-sdk/src/rp2_common/pico_stdio_usb/stdio_usb.c.o
 .text.stdio_usb_out_chars
                0x0000000010002410      0x100 CMakeFiles/picture_frame.dir/home/alexmanak/pico-sdk/src/rp2_common/pico_stdio_usb/stdio_usb.c.o
 .text.low_priority_worker_irq
                0x0000000010002510       0xc8 CMakeFiles/picture_frame.dir/home/alexmanak/pico-sdk/src/rp2_common/pico_stdio_usb/stdio_usb.c.o
 .text.stdio_usb_init
                0x00000000100025d8       0xe8 CMakeFiles/picture_frame.dir/home/alexmanak/pico-sdk/src/rp2_common/pico_stdio_usb/stdio_usb.c.o
                0x00000000100025d8                stdio_usb_init
 .text.tud_descriptor_device_cb
                0x00000000100026c0        0x8 CMakeFiles/picture_frame.dir/home/alexmanak/pico-sdk/src/rp2_common/pico_stdio_usb/stdio_usb_descriptors.c.o
                0x00000000100026c0                tud_descriptor_device_cb
 .text.tud_descriptor_configuration_cb
                0x00000000100026c8        0x8 CMakeFiles/picture_frame.dir/home/alexmanak/pico-sdk/src/rp2_common/pico_stdio_usb/stdio_usb_descriptors.c.o
                0x00000000100026c8                tud_descriptor_configuration_cb
 .text.tud_descriptor_string_cb
                0x00000000100026d0       0x74 CMakeFiles/picture_frame.dir/home/alexmanak/pico-sdk/src/rp2_common/pico_stdio_usb/stdio_usb_descriptors.c.o
                0x00000000100026d0                tud_descriptor_string_cb
 .text.startup._retrieve_unique_id_on_boot
                0x0000000010002744       0x10 CMakeFiles/picture_frame.dir/home/alexmanak/pico-sdk/src/rp2_common/pico_unique_id/unique_id.c.o
 .text.pico_get_unique_board_id_string
                0x0000000010002754      0x1a8 CMakeFiles/picture_frame.dir/home/alexmanak/pico-sdk/src/rp2_common/pico_unique_id/unique_id.c.o
                0x0000000010002754                pico_get_unique_board_id_string
 .text.flash_get_unique_id
                0x00000000100028fc       0x40 CMakeFiles/picture_frame.dir/home/alexmanak/pico-sdk/src/rp2_common/hardware_flash/flash.c.o
                0x00000000100028fc                flash_get_unique_id
 .text.dcd_init
                0x000000001000293c       0x90 CMakeFiles/picture_frame.dir/home/alexmanak/pico-sdk/lib/tinyusb/src/portable/raspberrypi/rp2040/dcd_rp2040.c.o
                0x000000001000293c                dcd_init
 .text.dcd_int_enable
                0x00000000100029cc        0xc CMakeFiles/picture_frame.dir/home/alexmanak/pico-sdk/lib/tinyusb/src/portable/raspberrypi/rp2040/dcd_rp2040.c.o
                0x00000000100029cc                dcd_int_enable
 .text.dcd_set_address
                0x00000000100029d8       0x14 CMakeFiles/picture_frame.dir/home/alexmanak/pico-sdk/lib/tinyusb/src/portable/raspberrypi/rp2040/dcd_rp2040.c.o
                0x00000000100029d8                dcd_set_address
 .text.dcd_sof_enable
                0x00000000100029ec       0x1c CMakeFiles/picture_frame.dir/home/alexmanak/pico-sdk/lib/tinyusb/src/portable/raspberrypi/rp2040/dcd_rp2040.c.o
                0x00000000100029ec                dcd_sof_enable
 .text.dcd_edpt0_status_complete
                0x0000000010002a08       0x1c CMakeFiles/picture_frame.dir/home/alexmanak/pico-sdk/lib/tinyusb/src/portable/raspberrypi/rp2040/dcd_rp2040.c.o
                0x0000000010002a08                dcd_edpt0_status_complete
 .text.dcd_edpt_open
                0x0000000010002a24      0x114 CMakeFiles/picture_frame.dir/home/alexmanak/pico-sdk/lib/tinyusb/src/portable/raspberrypi/rp2040/dcd_rp2040.c.o
                0x0000000010002a24                dcd_edpt_open
 .text.dcd_edpt_close_all
                0x0000000010002b38        0x8 CMakeFiles/picture_frame.dir/home/alexmanak/pico-sdk/lib/tinyusb/src/portable/raspberrypi/rp2040/dcd_rp2040.c.o
                0x0000000010002b38                dcd_edpt_close_all
 .text.dcd_edpt_xfer
                0x0000000010002b40       0x24 CMakeFiles/picture_frame.dir/home/alexmanak/pico-sdk/lib/tinyusb/src/portable/raspberrypi/rp2040/dcd_rp2040.c.o
                0x0000000010002b40                dcd_edpt_xfer
 .text.dcd_edpt_stall
                0x0000000010002b64       0x38 CMakeFiles/picture_frame.dir/home/alexmanak/pico-sdk/lib/tinyusb/src/portable/raspberrypi/rp2040/dcd_rp2040.c.o
                0x0000000010002b64                dcd_edpt_stall
 .text.dcd_edpt_clear_stall
                0x0000000010002b9c       0x30 CMakeFiles/picture_frame.dir/home/alexmanak/pico-sdk/lib/tinyusb/src/portable/raspberrypi/rp2040/dcd_rp2040.c.o
                0x0000000010002b9c                dcd_edpt_clear_stall
 .text.rp2040_usb_init
                0x0000000010002bcc       0x40 CMakeFiles/picture_frame.dir/home/alexmanak/pico-sdk/lib/tinyusb/src/portable/raspberrypi/rp2040/rp2040_usb.c.o
                0x0000000010002bcc                rp2040_usb_init
 .text.hw_endpoint_xfer_start
                0x0000000010002c0c       0x50 CMakeFiles/picture_frame.dir/home/alexmanak/pico-sdk/lib/tinyusb/src/portable/raspberrypi/rp2040/rp2040_usb.c.o
                0x0000000010002c0c                hw_endpoint_xfer_start
 .text.tud_event_hook_cb
                0x0000000010002c5c        0x4 CMakeFiles/picture_frame.dir/home/alexmanak/pico-sdk/lib/tinyusb/src/device/usbd.c.o
                0x0000000010002c5c                tud_event_hook_cb
 .text.tud_sof_cb
                0x0000000010002c60        0x4 CMakeFiles/picture_frame.dir/home/alexmanak/pico-sdk/lib/tinyusb/src/device/usbd.c.o
                0x0000000010002c60                tud_sof_cb
 .text.tud_descriptor_device_qualifier_cb
                0x0000000010002c64        0x4 CMakeFiles/picture_frame.dir/home/alexmanak/pico-sdk/lib/tinyusb/src/device/usbd.c.o
                0x0000000010002c64                tud_descriptor_device_qualifier_cb
 .text.tud_descriptor_other_speed_configuration_cb
                0x0000000010002c68        0x4 CMakeFiles/picture_frame.dir/home/alexmanak/pico-sdk/lib/tinyusb/src/device/usbd.c.o
                0x0000000010002c68                tud_descriptor_other_speed_configuration_cb
 .text.tud_mount_cb
                0x0000000010002c6c        0x4 CMakeFiles/picture_frame.dir/home/alexmanak/pico-sdk/lib/tinyusb/src/device/usbd.c.o
                0x0000000010002c6c                tud_mount_cb
 .text.tud_umount_cb
                0x0000000010002c70        0x4 CMakeFiles/picture_frame.dir/home/alexmanak/pico-sdk/lib/tinyusb/src/device/usbd.c.o
                0x0000000010002c70                tud_umount_cb
 .text.tud_suspend_cb
                0x0000000010002c74        0x4 CMakeFiles/picture_frame.dir/home/alexmanak/pico-sdk/lib/tinyusb/src/device/usbd.c.o
                0x0000000010002c74                tud_suspend_cb
 .text.tud_resume_cb
                0x0000000010002c78        0x4 CMakeFiles/picture_frame.dir/home/alexmanak/pico-sdk/lib/tinyusb/src/device/usbd.c.o
                0x0000000010002c78                tud_resume_cb
 .text.tud_mounted
                0x0000000010002c7c       0x10 CMakeFiles/picture_frame.dir/home/alexmanak/pico-sdk/lib/tinyusb/src/device/usbd.c.o
                0x0000000010002c7c                tud_mounted
 .text.tud_suspended
                0x0000000010002c8c       0x10 CMakeFiles/picture_frame.dir/home/alexmanak/pico-sdk/lib/tinyusb/src/device/usbd.c.o
                0x0000000010002c8c                tud_suspended
 .text.tud_rhport_init
                0x0000000010002c9c       0xf4 CMakeFiles/picture_frame.dir/home/alexmanak/pico-sdk/lib/tinyusb/src/device/usbd.c.o
                0x0000000010002c9c                tud_rhport_init
 .text.tud_task_ext
                0x0000000010002d90      0x800 CMakeFiles/picture_frame.dir/home/alexmanak/pico-sdk/lib/tinyusb/src/device/usbd.c.o
                0x0000000010002d90                tud_task_ext
 .text.usbd_open_edpt_pair
                0x0000000010003590       0x9c CMakeFiles/picture_frame.dir/home/alexmanak/pico-sdk/lib/tinyusb/src/device/usbd.c.o
                0x0000000010003590                usbd_open_edpt_pair
 .text.usbd_edpt_open
                0x000000001000362c       0x34 CMakeFiles/picture_frame.dir/home/alexmanak/pico-sdk/lib/tinyusb/src/device/usbd.c.o
                0x000000001000362c                usbd_edpt_open
 .text.usbd_edpt_claim
                0x0000000010003660       0x28 CMakeFiles/picture_frame.dir/home/alexmanak/pico-sdk/lib/tinyusb/src/device/usbd.c.o
                0x0000000010003660                usbd_edpt_claim
 .text.usbd_edpt_release
                0x0000000010003688       0x28 CMakeFiles/picture_frame.dir/home/alexmanak/pico-sdk/lib/tinyusb/src/device/usbd.c.o
                0x0000000010003688                usbd_edpt_release
 .text.usbd_edpt_xfer
                0x00000000100036b0       0x4c CMakeFiles/picture_frame.dir/home/alexmanak/pico-sdk/lib/tinyusb/src/device/usbd.c.o
                0x00000000100036b0                usbd_edpt_xfer
 .text.tud_control_status
                0x00000000100036fc       0x30 CMakeFiles/picture_frame.dir/home/alexmanak/pico-sdk/lib/tinyusb/src/device/usbd_control.c.o
                0x00000000100036fc                tud_control_status
 .text.tud_control_xfer
                0x000000001000372c       0xbc CMakeFiles/picture_frame.dir/home/alexmanak/pico-sdk/lib/tinyusb/src/device/usbd_control.c.o
                0x000000001000372c                tud_control_xfer
 .text.usbd_control_reset
                0x00000000100037e8       0x14 CMakeFiles/picture_frame.dir/home/alexmanak/pico-sdk/lib/tinyusb/src/device/usbd_control.c.o
                0x00000000100037e8                usbd_control_reset
 .text.usbd_control_set_complete_callback
                0x00000000100037fc        0xc CMakeFiles/picture_frame.dir/home/alexmanak/pico-sdk/lib/tinyusb/src/device/usbd_control.c.o
                0x00000000100037fc                usbd_control_set_complete_callback
 .text.usbd_control_set_request
                0x0000000010003808       0x1c CMakeFiles/picture_frame.dir/home/alexmanak/pico-sdk/lib/tinyusb/src/device/usbd_control.c.o
                0x0000000010003808                usbd_control_set_request
 .text.usbd_control_xfer_cb
                0x0000000010003824       0xf0 CMakeFiles/picture_frame.dir/home/alexmanak/pico-sdk/lib/tinyusb/src/device/usbd_control.c.o
                0x0000000010003824                usbd_control_xfer_cb
 .text._prep_out_transaction.isra.0
                0x0000000010003914       0x6c CMakeFiles/picture_frame.dir/home/alexmanak/pico-sdk/lib/tinyusb/src/class/cdc/cdc_device.c.o
 .text.tud_cdc_n_connected
                0x0000000010003980       0x2c CMakeFiles/picture_frame.dir/home/alexmanak/pico-sdk/lib/tinyusb/src/class/cdc/cdc_device.c.o
                0x0000000010003980                tud_cdc_n_connected
 .text.tud_cdc_n_available
                0x00000000100039ac       0x18 CMakeFiles/picture_frame.dir/home/alexmanak/pico-sdk/lib/tinyusb/src/class/cdc/cdc_device.c.o
                0x00000000100039ac                tud_cdc_n_available
 .text.tud_cdc_n_read
                0x00000000100039c4       0x94 CMakeFiles/picture_frame.dir/home/alexmanak/pico-sdk/lib/tinyusb/src/class/cdc/cdc_device.c.o
                0x00000000100039c4                tud_cdc_n_read
 .text.tud_cdc_n_write_flush
                0x0000000010003a58       0x78 CMakeFiles/picture_frame.dir/home/alexmanak/pico-sdk/lib/tinyusb/src/class/cdc/cdc_device.c.o
                0x0000000010003a58                tud_cdc_n_write_flush
 .text.tud_cdc_n_write
                0x0000000010003ad0       0x44 CMakeFiles/picture_frame.dir/home/alexmanak/pico-sdk/lib/tinyusb/src/class/cdc/cdc_device.c.o
                0x0000000010003ad0                tud_cdc_n_write
 .text.tud_cdc_n_write_available
                0x0000000010003b14       0x18 CMakeFiles/picture_frame.dir/home/alexmanak/pico-sdk/lib/tinyusb/src/class/cdc/cdc_device.c.o
                0x0000000010003b14                tud_cdc_n_write_available
 .text.cdcd_init
                0x0000000010003b2c       0x70 CMakeFiles/picture_frame.dir/home/alexmanak/pico-sdk/lib/tinyusb/src/class/cdc/cdc_device.c.o
                0x0000000010003b2c                cdcd_init
 .text.cdcd_deinit
                0x0000000010003b9c       0x24 CMakeFiles/picture_frame.dir/home/alexmanak/pico-sdk/lib/tinyusb/src/class/cdc/cdc_device.c.o
                0x0000000010003b9c                cdcd_deinit
 .text.cdcd_reset
                0x0000000010003bc0       0x4c CMakeFiles/picture_frame.dir/home/alexmanak/pico-sdk/lib/tinyusb/src/class/cdc/cdc_device.c.o
                0x0000000010003bc0                cdcd_reset
 .text.cdcd_open
                0x0000000010003c0c       0xa8 CMakeFiles/picture_frame.dir/home/alexmanak/pico-sdk/lib/tinyusb/src/class/cdc/cdc_device.c.o
                0x0000000010003c0c                cdcd_open
 .text.cdcd_control_xfer_cb
                0x0000000010003cb4       0xe8 CMakeFiles/picture_frame.dir/home/alexmanak/pico-sdk/lib/tinyusb/src/class/cdc/cdc_device.c.o
                0x0000000010003cb4                cdcd_control_xfer_cb
 .text.cdcd_xfer_cb
                0x0000000010003d9c       0xfc CMakeFiles/picture_frame.dir/home/alexmanak/pico-sdk/lib/tinyusb/src/class/cdc/cdc_device.c.o
                0x0000000010003d9c                cdcd_xfer_cb
 .text.vendord_init
                0x0000000010003e98       0x5c CMakeFiles/picture_frame.dir/home/alexmanak/pico-sdk/lib/tinyusb/src/class/vendor/vendor_device.c.o
                0x0000000010003e98                vendord_init
 .text.vendord_deinit
                0x0000000010003ef4       0x1c CMakeFiles/picture_frame.dir/home/alexmanak/pico-sdk/lib/tinyusb/src/class/vendor/vendor_device.c.o
                0x0000000010003ef4                vendord_deinit
 .text.vendord_reset
                0x0000000010003f10       0x28 CMakeFiles/picture_frame.dir/home/alexmanak/pico-sdk/lib/tinyusb/src/class/vendor/vendor_device.c.o
                0x0000000010003f10                vendord_reset
 .text.vendord_open
                0x0000000010003f38      0x128 CMakeFiles/picture_frame.dir/home/alexmanak/pico-sdk/lib/tinyusb/src/class/vendor/vendor_device.c.o
                0x0000000010003f38                vendord_open
 .text.vendord_xfer_cb
                0x0000000010004060       0x9c CMakeFiles/picture_frame.dir/home/alexmanak/pico-sdk/lib/tinyusb/src/class/vendor/vendor_device.c.o
                0x0000000010004060                vendord_xfer_cb
 .text.tusb_rhport_init
                0x00000000100040fc       0x48 CMakeFiles/picture_frame.dir/home/alexmanak/pico-sdk/lib/tinyusb/src/tusb.c.o
                0x00000000100040fc                tusb_rhport_init
 .text.tu_edpt_claim
                0x0000000010004144       0x50 CMakeFiles/picture_frame.dir/home/alexmanak/pico-sdk/lib/tinyusb/src/tusb.c.o
                0x0000000010004144                tu_edpt_claim
 .text.tu_edpt_release
                0x0000000010004194       0x38 CMakeFiles/picture_frame.dir/home/alexmanak/pico-sdk/lib/tinyusb/src/tusb.c.o
                0x0000000010004194                tu_edpt_release
 .text.tu_edpt_validate
                0x00000000100041cc       0x78 CMakeFiles/picture_frame.dir/home/alexmanak/pico-sdk/lib/tinyusb/src/tusb.c.o
                0x00000000100041cc                tu_edpt_validate
 .text.tu_edpt_bind_driver
                0x0000000010004244       0x34 CMakeFiles/picture_frame.dir/home/alexmanak/pico-sdk/lib/tinyusb/src/tusb.c.o
                0x0000000010004244                tu_edpt_bind_driver
 .text.tu_edpt_stream_init
                0x0000000010004278       0x6c CMakeFiles/picture_frame.dir/home/alexmanak/pico-sdk/lib/tinyusb/src/tusb.c.o
                0x0000000010004278                tu_edpt_stream_init
 .text.tu_edpt_stream_deinit
                0x00000000100042e4        0x4 CMakeFiles/picture_frame.dir/home/alexmanak/pico-sdk/lib/tinyusb/src/tusb.c.o
                0x00000000100042e4                tu_edpt_stream_deinit
 .text.tu_edpt_stream_write_zlp_if_needed
                0x00000000100042e8       0x58 CMakeFiles/picture_frame.dir/home/alexmanak/pico-sdk/lib/tinyusb/src/tusb.c.o
                0x00000000100042e8                tu_edpt_stream_write_zlp_if_needed
 .text.tu_edpt_stream_write_xfer
                0x0000000010004340       0x64 CMakeFiles/picture_frame.dir/home/alexmanak/pico-sdk/lib/tinyusb/src/tusb.c.o
                0x0000000010004340                tu_edpt_stream_write_xfer
 .text.tu_edpt_stream_read_xfer
                0x00000000100043a4       0xdc CMakeFiles/picture_frame.dir/home/alexmanak/pico-sdk/lib/tinyusb/src/tusb.c.o
                0x00000000100043a4                tu_edpt_stream_read_xfer
 .text.tu_fifo_config
                0x0000000010004480       0x70 CMakeFiles/picture_frame.dir/home/alexmanak/pico-sdk/lib/tinyusb/src/common/tusb_fifo.c.o
                0x0000000010004480                tu_fifo_config
 .text.tu_fifo_count
                0x00000000100044f0       0x2c CMakeFiles/picture_frame.dir/home/alexmanak/pico-sdk/lib/tinyusb/src/common/tusb_fifo.c.o
                0x00000000100044f0                tu_fifo_count
 .text.tu_fifo_empty
                0x000000001000451c       0x10 CMakeFiles/picture_frame.dir/home/alexmanak/pico-sdk/lib/tinyusb/src/common/tusb_fifo.c.o
                0x000000001000451c                tu_fifo_empty
 .text.tu_fifo_remaining
                0x000000001000452c       0x2c CMakeFiles/picture_frame.dir/home/alexmanak/pico-sdk/lib/tinyusb/src/common/tusb_fifo.c.o
                0x000000001000452c                tu_fifo_remaining
 .text.tu_fifo_read
                0x0000000010004558       0xa0 CMakeFiles/picture_frame.dir/home/alexmanak/pico-sdk/lib/tinyusb/src/common/tusb_fifo.c.o
                0x0000000010004558                tu_fifo_read
 .text.tu_fifo_read_n
                0x00000000100045f8       0xec CMakeFiles/picture_frame.dir/home/alexmanak/pico-sdk/lib/tinyusb/src/common/tusb_fifo.c.o
                0x00000000100045f8                tu_fifo_read_n
 .text.tu_fifo_write
                0x00000000100046e4       0x88 CMakeFiles/picture_frame.dir/home/alexmanak/pico-sdk/lib/tinyusb/src/common/tusb_fifo.c.o
                0x00000000100046e4                tu_fifo_write
 .text.tu_fifo_write_n
                0x000000001000476c      0x168 CMakeFiles/picture_frame.dir/home/alexmanak/pico-sdk/lib/tinyusb/src/common/tusb_fifo.c.o
                0x000000001000476c                tu_fifo_write_n
 .text.tu_fifo_clear
                0x00000000100048d4       0x40 CMakeFiles/picture_frame.dir/home/alexmanak/pico-sdk/lib/tinyusb/src/common/tusb_fifo.c.o
                0x00000000100048d4                tu_fifo_clear
 .text.tu_fifo_set_overwritable
                0x0000000010004914       0x48 CMakeFiles/picture_frame.dir/home/alexmanak/pico-sdk/lib/tinyusb/src/common/tusb_fifo.c.o
                0x0000000010004914                tu_fifo_set_overwritable
 .text.i2c_write_blocking_internal.constprop.0
                0x000000001000495c       0xd0 CMakeFiles/picture_frame.dir/home/alexmanak/pico-sdk/src/rp2_common/hardware_i2c/i2c.c.o
 .text.i2c_set_baudrate
                0x0000000010004a2c       0xc0 CMakeFiles/picture_frame.dir/home/alexmanak/pico-sdk/src/rp2_common/hardware_i2c/i2c.c.o
                0x0000000010004a2c                i2c_set_baudrate
 .text.i2c_init
                0x0000000010004aec       0x54 CMakeFiles/picture_frame.dir/home/alexmanak/pico-sdk/src/rp2_common/hardware_i2c/i2c.c.o
                0x0000000010004aec                i2c_init
 .text.i2c_write_blocking
                0x0000000010004b40       0x14 CMakeFiles/picture_frame.dir/home/alexmanak/pico-sdk/src/rp2_common/hardware_i2c/i2c.c.o
                0x0000000010004b40                i2c_write_blocking
 .text          0x0000000010004b54       0x5c /usr/lib/gcc/arm-none-eabi/10.3.1/../../../arm-none-eabi/lib/thumb/v6-m/nofp/libg.a(lib_a-strlen-stub.o)
                0x0000000010004b54                strlen
 *(.fini)
 .fini          0x0000000010004bb0        0x4 /usr/lib/gcc/arm-none-eabi/10.3.1/thumb/v6-m/nofp/crti.o
                0x0000000010004bb0                _fini
 *fill*         0x0000000010004bb4        0x4 
 .fini.__stub   0x0000000010004bb8       0xc0 linker stubs
 *crtbegin.o(.ctors)
 *crtbegin?.o(.ctors)
 *(EXCLUDE_FILE(*crtend.o *crtend?.o) .ctors)
 *(SORT_BY_NAME(.ctors.*))
 *(.ctors)
 *crtbegin.o(.dtors)
 *crtbegin?.o(.dtors)
 *(EXCLUDE_FILE(*crtend.o *crtend?.o) .dtors)
 *(SORT_BY_NAME(.dtors.*))
 *(.dtors)
                0x0000000010004c78                . = ALIGN (0x4)
                0x0000000010004c78                PROVIDE (__preinit_array_start = .)
 *(SORT_BY_NAME(.preinit_array.*))
 .preinit_array.00100
                0x0000000010004c78        0x4 CMakeFiles/picture_frame.dir/home/alexmanak/pico-sdk/src/rp2_common/pico_runtime_init/runtime_init.c.o
                0x0000000010004c78                __pre_init_runtime_init_early_resets
 .preinit_array.00101
                0x0000000010004c7c        0x4 CMakeFiles/picture_frame.dir/home/alexmanak/pico-sdk/src/rp2_common/pico_runtime_init/runtime_init.c.o
                0x0000000010004c7c                __pre_init_runtime_init_usb_power_down
 .preinit_array.00275
                0x0000000010004c80        0x4 CMakeFiles/picture_frame.dir/home/alexmanak/pico-sdk/src/rp2_common/pico_bit_ops/bit_ops_aeabi.S.o
 .preinit_array.00300
                0x0000000010004c84        0x4 CMakeFiles/picture_frame.dir/home/alexmanak/pico-sdk/src/rp2_common/pico_mem_ops/mem_ops_aeabi.S.o
 .preinit_array.00350
                0x0000000010004c88        0x4 CMakeFiles/picture_frame.dir/home/alexmanak/pico-sdk/src/rp2_common/pico_double/double_aeabi_rp2040.S.o
 .preinit_array.00350
                0x0000000010004c8c        0x4 CMakeFiles/picture_frame.dir/home/alexmanak/pico-sdk/src/rp2_common/pico_float/float_aeabi_rp2040.S.o
 .preinit_array.00500
                0x0000000010004c90        0x4 CMakeFiles/picture_frame.dir/home/alexmanak/pico-sdk/src/rp2_common/pico_runtime_init/runtime_init.c.o
                0x0000000010004c90                __pre_init_runtime_init_clocks
 .preinit_array.00600
                0x0000000010004c94        0x4 CMakeFiles/picture_frame.dir/home/alexmanak/pico-sdk/src/rp2_common/pico_runtime_init/runtime_init.c.o
                0x0000000010004c94                __pre_init_runtime_init_post_clock_resets
 .preinit_array.00700
                0x0000000010004c98        0x4 CMakeFiles/picture_frame.dir/home/alexmanak/pico-sdk/src/rp2_common/pico_runtime_init/runtime_init.c.o
                0x0000000010004c98                __pre_init_runtime_init_rp2040_gpio_ie_disable
 .preinit_array.01000
                0x0000000010004c9c        0x4 CMakeFiles/picture_frame.dir/home/alexmanak/pico-sdk/src/rp2_common/pico_runtime_init/runtime_init.c.o
                0x0000000010004c9c                __pre_init_runtime_init_spin_locks_reset
 .preinit_array.01100
                0x0000000010004ca0        0x4 CMakeFiles/picture_frame.dir/home/alexmanak/pico-sdk/src/common/pico_sync/mutex.c.o
                0x0000000010004ca0                __pre_init_runtime_init_mutex
 .preinit_array.10080
                0x0000000010004ca4        0x4 CMakeFiles/picture_frame.dir/home/alexmanak/pico-sdk/src/rp2_common/pico_runtime_init/runtime_init.c.o
                0x0000000010004ca4                __pre_init_runtime_init_install_ram_vector_table
 .preinit_array.11000
                0x0000000010004ca8        0x4 CMakeFiles/picture_frame.dir/home/alexmanak/pico-sdk/src/common/pico_time/time.c.o
                0x0000000010004ca8                __pre_init_runtime_init_default_alarm_pool
 .preinit_array.YYYYY
                0x0000000010004cac        0x4 CMakeFiles/picture_frame.dir/home/alexmanak/pico-sdk/src/rp2_common/pico_runtime/runtime.c.o
                0x0000000010004cac                __pre_init_first_per_core_initializer
 .preinit_array.ZZZZZ.01200
                0x0000000010004cb0        0x4 CMakeFiles/picture_frame.dir/home/alexmanak/pico-sdk/src/rp2_common/hardware_irq/irq.c.o
                0x0000000010004cb0                __pre_init_runtime_init_per_core_irq_priorities
 *(.preinit_array)
                0x0000000010004cb4                PROVIDE (__preinit_array_end = .)
                0x0000000010004cb4                . = ALIGN (0x4)
                0x0000000010004cb4                PROVIDE (__init_array_start = .)
 *(SORT_BY_NAME(.init_array.*))
 .init_array.01000
                0x0000000010004cb4        0x4 CMakeFiles/picture_frame.dir/home/alexmanak/pico-sdk/src/rp2_common/pico_unique_id/unique_id.c.o
 *(.init_array)
 .init_array    0x0000000010004cb8        0x4 /usr/lib/gcc/arm-none-eabi/10.3.1/thumb/v6-m/nofp/crtbegin.o
                0x0000000010004cbc                PROVIDE (__init_array_end = .)
                0x0000000010004cbc                . = ALIGN (0x4)
                0x0000000010004cbc                PROVIDE (__fini_array_start = .)
 *(SORT_BY_NAME(.fini_array.*))
 *(.fini_array)
                0x0000000010004cbc                PROVIDE (__fini_array_end = .)
 *(.eh_frame*)
 .eh_frame      0x0000000010004cbc        0x0 /usr/lib/gcc/arm-none-eabi/10.3.1/thumb/v6-m/nofp/crtbegin.o
                0x0000000010004cbc                . = ALIGN (0x4)

.glue_7         0x0000000010004cbc        0x0
 .glue_7        0x0000000010004cbc        0x0 linker stubs

.glue_7t        0x0000000010004cbc        0x0
 .glue_7t       0x0000000010004cbc        0x0 linker stubs

.vfp11_veneer   0x0000000010004cbc        0x0
 .vfp11_veneer  0x0000000010004cbc        0x0 linker stubs

.v4_bx          0x0000000010004cbc        0x0
 .v4_bx         0x0000000010004cbc        0x0 linker stubs

.iplt           0x0000000010004cbc        0x0
 .iplt          0x0000000010004cbc        0x0 /usr/lib/gcc/arm-none-eabi/10.3.1/thumb/v6-m/nofp/crtbegin.o

.rodata         0x0000000010004cbc      0x424
 *(EXCLUDE_FILE(*libm.a: *libc.a:*lib_a-mem*.o *libgcc.a:) .rodata*)
 .rodata.main.str1.4
                0x0000000010004cbc        0xd CMakeFiles/picture_frame.dir/picture_frame.c.o
 *fill*         0x0000000010004cc9        0x3 
 .rodata.panic.str1.4
                0x0000000010004ccc       0x12 CMakeFiles/picture_frame.dir/home/alexmanak/pico-sdk/src/rp2_common/pico_platform_panic/panic.c.o
 *fill*         0x0000000010004cde        0x2 
 .rodata.spin_lock_claim_unused.str1.4
                0x0000000010004ce0       0x1b CMakeFiles/picture_frame.dir/home/alexmanak/pico-sdk/src/rp2_common/hardware_sync/sync.c.o
 *fill*         0x0000000010004cfb        0x1 
 .rodata.user_irq_claim_unused.str1.4
                0x0000000010004cfc       0x1b CMakeFiles/picture_frame.dir/home/alexmanak/pico-sdk/src/rp2_common/hardware_irq/irq.c.o
 *fill*         0x0000000010004d17        0x1 
 .rodata.timer_hardware_alarm_claim.str1.4
                0x0000000010004d18       0x22 CMakeFiles/picture_frame.dir/home/alexmanak/pico-sdk/src/rp2_common/hardware_timer/timer.c.o
 *fill*         0x0000000010004d3a        0x2 
 .rodata.hard_assertion_failure.str1.4
                0x0000000010004d3c        0xc CMakeFiles/picture_frame.dir/home/alexmanak/pico-sdk/src/rp2_common/pico_runtime/runtime.c.o
 .rodata.str1.4
                0x0000000010004d48       0x44 CMakeFiles/picture_frame.dir/home/alexmanak/pico-sdk/src/rp2_common/pico_standard_binary_info/standard_binary_info.c.o
 .rodata.__bi_26
                0x0000000010004d8c        0xc CMakeFiles/picture_frame.dir/home/alexmanak/pico-sdk/src/rp2_common/pico_standard_binary_info/standard_binary_info.c.o
 .rodata.__bi_34
                0x0000000010004d98        0xc CMakeFiles/picture_frame.dir/home/alexmanak/pico-sdk/src/rp2_common/pico_standard_binary_info/standard_binary_info.c.o
 .rodata.__bi_42
                0x0000000010004da4        0xc CMakeFiles/picture_frame.dir/home/alexmanak/pico-sdk/src/rp2_common/pico_standard_binary_info/standard_binary_info.c.o
 .rodata.__bi_48
                0x0000000010004db0        0xc CMakeFiles/picture_frame.dir/home/alexmanak/pico-sdk/src/rp2_common/pico_standard_binary_info/standard_binary_info.c.o
 .rodata.__bi_54
                0x0000000010004dbc        0xc CMakeFiles/picture_frame.dir/home/alexmanak/pico-sdk/src/rp2_common/pico_standard_binary_info/standard_binary_info.c.o
 .rodata.__bi_78
                0x0000000010004dc8        0xc CMakeFiles/picture_frame.dir/home/alexmanak/pico-sdk/src/rp2_common/pico_standard_binary_info/standard_binary_info.c.o
 .rodata.__bi_84
                0x0000000010004dd4        0xc CMakeFiles/picture_frame.dir/home/alexmanak/pico-sdk/src/rp2_common/pico_standard_binary_info/standard_binary_info.c.o
 .rodata.crlf_str.0
                0x0000000010004de0        0x2 CMakeFiles/picture_frame.dir/home/alexmanak/pico-sdk/src/rp2_common/pico_stdio/stdio.c.o
 *fill*         0x0000000010004de2        0x2 
 .rodata._resetd_driver
                0x0000000010004de4       0x20 CMakeFiles/picture_frame.dir/home/alexmanak/pico-sdk/src/rp2_common/pico_stdio_usb/reset_interface.c.o
 .rodata.desc_bos
                0x0000000010004e04       0x21 CMakeFiles/picture_frame.dir/home/alexmanak/pico-sdk/src/rp2_common/pico_stdio_usb/reset_interface.c.o
                0x0000000010004e04                desc_bos
 *fill*         0x0000000010004e25        0x3 
 .rodata.desc_ms_os_20
                0x0000000010004e28       0xa6 CMakeFiles/picture_frame.dir/home/alexmanak/pico-sdk/src/rp2_common/pico_stdio_usb/reset_interface.c.o
 *fill*         0x0000000010004ece        0x2 
 .rodata.str1.4
                0x0000000010004ed0       0x13 CMakeFiles/picture_frame.dir/home/alexmanak/pico-sdk/src/rp2_common/pico_stdio_usb/stdio_usb.c.o
 *fill*         0x0000000010004ee3        0x1 
 .rodata.__bi_202.0
                0x0000000010004ee4        0xc CMakeFiles/picture_frame.dir/home/alexmanak/pico-sdk/src/rp2_common/pico_stdio_usb/stdio_usb.c.o
 .rodata.str1.4
                0x0000000010004ef0       0x2a CMakeFiles/picture_frame.dir/home/alexmanak/pico-sdk/src/rp2_common/pico_stdio_usb/stdio_usb_descriptors.c.o
 *fill*         0x0000000010004f1a        0x2 
 .rodata.usbd_desc_cfg
                0x0000000010004f1c       0x54 CMakeFiles/picture_frame.dir/home/alexmanak/pico-sdk/src/rp2_common/pico_stdio_usb/stdio_usb_descriptors.c.o
 .rodata.usbd_desc_device
                0x0000000010004f70       0x12 CMakeFiles/picture_frame.dir/home/alexmanak/pico-sdk/src/rp2_common/pico_stdio_usb/stdio_usb_descriptors.c.o
 *fill*         0x0000000010004f82        0x2 
 .rodata.usbd_desc_str
                0x0000000010004f84       0x18 CMakeFiles/picture_frame.dir/home/alexmanak/pico-sdk/src/rp2_common/pico_stdio_usb/stdio_usb_descriptors.c.o
 .rodata.str1.4
                0x0000000010004f9c       0x14 CMakeFiles/picture_frame.dir/home/alexmanak/pico-sdk/lib/tinyusb/src/portable/raspberrypi/rp2040/dcd_rp2040.c.o
 .rodata.str1.4
                0x0000000010004fb0       0x48 CMakeFiles/picture_frame.dir/home/alexmanak/pico-sdk/lib/tinyusb/src/portable/raspberrypi/rp2040/rp2040_usb.c.o
 .rodata.tud_task_ext
                0x0000000010004ff8       0x8c CMakeFiles/picture_frame.dir/home/alexmanak/pico-sdk/lib/tinyusb/src/device/usbd.c.o
 .rodata        0x0000000010005084       0x1c CMakeFiles/picture_frame.dir/home/alexmanak/pico-sdk/lib/tinyusb/src/device/usbd.c.o
 .rodata._usbd_driver
                0x00000000100050a0       0x40 CMakeFiles/picture_frame.dir/home/alexmanak/pico-sdk/lib/tinyusb/src/device/usbd.c.o
                0x00000000100050e0                . = ALIGN (0x4)
 *(SORT_BY_ALIGNMENT(SORT_BY_NAME(.flashdata*)))
                0x00000000100050e0                . = ALIGN (0x4)

.ARM.extab
 *(.ARM.extab* .gnu.linkonce.armextab.*)
                0x00000000100050e0                __exidx_start = .

.ARM.exidx
 *(.ARM.exidx* .gnu.linkonce.armexidx.*)
                0x00000000100050e0                __exidx_end = .
                0x00000000100050e0                . = ALIGN (0x4)
                0x00000000100050e0                __binary_info_start = .

.binary_info    0x00000000100050e0       0x20
 *(.binary_info.keep.*)
 .binary_info.keep.__bi_ptr26
                0x00000000100050e0        0x4 CMakeFiles/picture_frame.dir/home/alexmanak/pico-sdk/src/rp2_common/pico_standard_binary_info/standard_binary_info.c.o
 .binary_info.keep.__bi_ptr34
                0x00000000100050e4        0x4 CMakeFiles/picture_frame.dir/home/alexmanak/pico-sdk/src/rp2_common/pico_standard_binary_info/standard_binary_info.c.o
 .binary_info.keep.__bi_ptr42
                0x00000000100050e8        0x4 CMakeFiles/picture_frame.dir/home/alexmanak/pico-sdk/src/rp2_common/pico_standard_binary_info/standard_binary_info.c.o
 .binary_info.keep.__bi_ptr48
                0x00000000100050ec        0x4 CMakeFiles/picture_frame.dir/home/alexmanak/pico-sdk/src/rp2_common/pico_standard_binary_info/standard_binary_info.c.o
 .binary_info.keep.__bi_ptr54
                0x00000000100050f0        0x4 CMakeFiles/picture_frame.dir/home/alexmanak/pico-sdk/src/rp2_common/pico_standard_binary_info/standard_binary_info.c.o
 .binary_info.keep.__bi_ptr78
                0x00000000100050f4        0x4 CMakeFiles/picture_frame.dir/home/alexmanak/pico-sdk/src/rp2_common/pico_standard_binary_info/standard_binary_info.c.o
 .binary_info.keep.__bi_ptr84
                0x00000000100050f8        0x4 CMakeFiles/picture_frame.dir/home/alexmanak/pico-sdk/src/rp2_common/pico_standard_binary_info/standard_binary_info.c.o
 *(.binary_info.*)
 .binary_info.__bi_ptr202
                0x00000000100050fc        0x4 CMakeFiles/picture_frame.dir/home/alexmanak/pico-sdk/src/rp2_common/pico_stdio_usb/stdio_usb.c.o
                0x0000000010005100                __binary_info_end = .
                0x0000000010005100                . = ALIGN (0x4)

.ram_vector_table
                0x0000000020000000       0xc0
 *(.ram_vector_table)
 .ram_vector_table
                0x0000000020000000       0xc0 CMakeFiles/picture_frame.dir/home/alexmanak/pico-sdk/src/rp2_common/pico_runtime_init/runtime_init.c.o
                0x0000000020000000                ram_vector_table

.uninitialized_data
                0x00000000200000c0        0x0
                0x00000000200000c0                . = ALIGN (0x4)
 *(.uninitialized_data*)

.data           0x00000000200000c0     0x1038 load address 0x0000000010005100
                0x00000000200000c0                __data_start__ = .
 *(vtable)
 *(.time_critical*)
 .time_critical.mutex_try_enter
                0x00000000200000c0       0x44 CMakeFiles/picture_frame.dir/home/alexmanak/pico-sdk/src/common/pico_sync/mutex.c.o
                0x00000000200000c0                mutex_try_enter
 .time_critical.mutex_try_enter_block_until
                0x0000000020000104       0x9c CMakeFiles/picture_frame.dir/home/alexmanak/pico-sdk/src/common/pico_sync/mutex.c.o
                0x0000000020000104                mutex_try_enter_block_until
 .time_critical.mutex_enter_timeout_ms
                0x00000000200001a0       0x90 CMakeFiles/picture_frame.dir/home/alexmanak/pico-sdk/src/common/pico_sync/mutex.c.o
                0x00000000200001a0                mutex_enter_timeout_ms
 .time_critical.mutex_exit
                0x0000000020000230       0x28 CMakeFiles/picture_frame.dir/home/alexmanak/pico-sdk/src/common/pico_sync/mutex.c.o
                0x0000000020000230                mutex_exit
 .time_critical.flash_init_boot2_copyout
                0x0000000020000258       0x30 CMakeFiles/picture_frame.dir/home/alexmanak/pico-sdk/src/rp2_common/hardware_flash/flash.c.o
 .time_critical.flash_enable_xip_via_boot2
                0x0000000020000288       0x10 CMakeFiles/picture_frame.dir/home/alexmanak/pico-sdk/src/rp2_common/hardware_flash/flash.c.o
 .time_critical.flash_save_hardware_state
                0x0000000020000298       0x28 CMakeFiles/picture_frame.dir/home/alexmanak/pico-sdk/src/rp2_common/hardware_flash/flash.c.o
 .time_critical.flash_restore_hardware_state
                0x00000000200002c0       0x28 CMakeFiles/picture_frame.dir/home/alexmanak/pico-sdk/src/rp2_common/hardware_flash/flash.c.o
 .time_critical.flash_cs_force
                0x00000000200002e8       0x38 CMakeFiles/picture_frame.dir/home/alexmanak/pico-sdk/src/rp2_common/hardware_flash/flash.c.o
 .time_critical.flash_do_cmd
                0x0000000020000320       0xd4 CMakeFiles/picture_frame.dir/home/alexmanak/pico-sdk/src/rp2_common/hardware_flash/flash.c.o
                0x0000000020000320                flash_do_cmd
 .time_critical.reset_non_control_endpoints
                0x00000000200003f4       0xbc CMakeFiles/picture_frame.dir/home/alexmanak/pico-sdk/lib/tinyusb/src/portable/raspberrypi/rp2040/dcd_rp2040.c.o
 .time_critical.hw_handle_buff_status
                0x00000000200004b0       0x98 CMakeFiles/picture_frame.dir/home/alexmanak/pico-sdk/lib/tinyusb/src/portable/raspberrypi/rp2040/dcd_rp2040.c.o
 .time_critical.dcd_rp2040_irq
                0x0000000020000548      0x530 CMakeFiles/picture_frame.dir/home/alexmanak/pico-sdk/lib/tinyusb/src/portable/raspberrypi/rp2040/dcd_rp2040.c.o
 .time_critical.prepare_ep_buffer
                0x0000000020000a78       0xf4 CMakeFiles/picture_frame.dir/home/alexmanak/pico-sdk/lib/tinyusb/src/portable/raspberrypi/rp2040/rp2040_usb.c.o
 .time_critical.sync_ep_buffer
                0x0000000020000b6c       0xb4 CMakeFiles/picture_frame.dir/home/alexmanak/pico-sdk/lib/tinyusb/src/portable/raspberrypi/rp2040/rp2040_usb.c.o
 .time_critical._hw_endpoint_xfer_sync
                0x0000000020000c20       0x28 CMakeFiles/picture_frame.dir/home/alexmanak/pico-sdk/lib/tinyusb/src/portable/raspberrypi/rp2040/rp2040_usb.c.o
 .time_critical.e15_is_bulkin_ep
                0x0000000020000c48       0x28 CMakeFiles/picture_frame.dir/home/alexmanak/pico-sdk/lib/tinyusb/src/portable/raspberrypi/rp2040/rp2040_usb.c.o
 .time_critical.e15_is_critical_frame_period
                0x0000000020000c70       0x34 CMakeFiles/picture_frame.dir/home/alexmanak/pico-sdk/lib/tinyusb/src/portable/raspberrypi/rp2040/rp2040_usb.c.o
 .time_critical.hw_endpoint_reset_transfer
                0x0000000020000ca4        0xc CMakeFiles/picture_frame.dir/home/alexmanak/pico-sdk/lib/tinyusb/src/portable/raspberrypi/rp2040/rp2040_usb.c.o
                0x0000000020000ca4                hw_endpoint_reset_transfer
 .time_critical._hw_endpoint_buffer_control_update32
                0x0000000020000cb0       0x50 CMakeFiles/picture_frame.dir/home/alexmanak/pico-sdk/lib/tinyusb/src/portable/raspberrypi/rp2040/rp2040_usb.c.o
                0x0000000020000cb0                _hw_endpoint_buffer_control_update32
 .time_critical.hw_endpoint_start_next_buffer
                0x0000000020000d00       0x6c CMakeFiles/picture_frame.dir/home/alexmanak/pico-sdk/lib/tinyusb/src/portable/raspberrypi/rp2040/rp2040_usb.c.o
                0x0000000020000d00                hw_endpoint_start_next_buffer
 .time_critical.hw_endpoint_xfer_continue
                0x0000000020000d6c       0x40 CMakeFiles/picture_frame.dir/home/alexmanak/pico-sdk/lib/tinyusb/src/portable/raspberrypi/rp2040/rp2040_usb.c.o
                0x0000000020000d6c                hw_endpoint_xfer_continue
 .time_critical.tinyusb
                0x0000000020000dac      0x1f0 CMakeFiles/picture_frame.dir/home/alexmanak/pico-sdk/lib/tinyusb/src/device/usbd.c.o
                0x0000000020000dac                dcd_event_handler
 *(.text*)
 .text          0x0000000020000f9c        0x4 /usr/lib/gcc/arm-none-eabi/10.3.1/thumb/v6-m/nofp/libgcc.a(_dvmd_tls.o)
                0x0000000020000f9c                __aeabi_ldiv0
                0x0000000020000f9c                __aeabi_idiv0
 .text.__stub   0x0000000020000fa0       0x80 linker stubs
                0x0000000020001020                . = ALIGN (0x4)
 *(.rodata*)
                0x0000000020001020                . = ALIGN (0x4)
 *(.data*)
 .data.lcd_addr
                0x0000000020001020        0x4 CMakeFiles/picture_frame.dir/picture_frame.c.o
 .data.striped_spin_lock_num
                0x0000000020001024        0x1 CMakeFiles/picture_frame.dir/home/alexmanak/pico-sdk/src/rp2_common/hardware_sync/sync.c.o
 *fill*         0x0000000020001025        0x3 
 .data          0x0000000020001028       0x48 CMakeFiles/picture_frame.dir/home/alexmanak/pico-sdk/src/rp2_common/hardware_irq/irq_handler_chain.S.o
                0x0000000020001028                irq_handler_chain_slots
                0x0000000020001058                irq_handler_chain_first_slot
                0x0000000020001062                irq_handler_chain_remove_tail
 .data.default_alarm_pool
                0x0000000020001070       0x18 CMakeFiles/picture_frame.dir/home/alexmanak/pico-sdk/src/common/pico_time/time.c.o
 *fill*         0x0000000020001088        0x8 
 .data.aeabi_bits_funcs
                0x0000000020001090       0x10 CMakeFiles/picture_frame.dir/home/alexmanak/pico-sdk/src/rp2_common/pico_bit_ops/bit_ops_aeabi.S.o
                0x0000000020001090                aeabi_bits_funcs
                0x00000000200010a0                aeabi_bits_funcs_end
 .data.aeabi_mem_funcs
                0x00000000200010a0       0x10 CMakeFiles/picture_frame.dir/home/alexmanak/pico-sdk/src/rp2_common/pico_mem_ops/mem_ops_aeabi.S.o
                0x00000000200010a0                aeabi_mem_funcs
                0x00000000200010b0                aeabi_mem_funcs_end
 .data.stdio_usb
                0x00000000200010b0       0x18 CMakeFiles/picture_frame.dir/home/alexmanak/pico-sdk/src/rp2_common/pico_stdio_usb/stdio_usb.c.o
                0x00000000200010b0                stdio_usb
 .data._usbd_qdef
                0x00000000200010c8       0x1c CMakeFiles/picture_frame.dir/home/alexmanak/pico-sdk/lib/tinyusb/src/device/usbd.c.o
                0x00000000200010c8                _usbd_qdef
 .data._usbd_rhport
                0x00000000200010e4        0x1 CMakeFiles/picture_frame.dir/home/alexmanak/pico-sdk/lib/tinyusb/src/device/usbd.c.o
 *fill*         0x00000000200010e5        0x3 
 .data.i2c0_inst
                0x00000000200010e8        0x8 CMakeFiles/picture_frame.dir/home/alexmanak/pico-sdk/src/rp2_common/hardware_i2c/i2c.c.o
                0x00000000200010e8                i2c0_inst
                0x00000000200010f0                . = ALIGN (0x4)
 *(.after_data.*)
                0x00000000200010f0                . = ALIGN (0x4)
                0x00000000200010f0                PROVIDE (__mutex_array_start = .)
 *(SORT_BY_NAME(.mutex_array.*))
 *(.mutex_array)
 .mutex_array   0x00000000200010f0        0x8 CMakeFiles/picture_frame.dir/home/alexmanak/pico-sdk/src/rp2_common/pico_stdio/stdio.c.o
                0x00000000200010f8                PROVIDE (__mutex_array_end = .)
                0x00000000200010f8                . = ALIGN (0x4)
 *(.jcr)
                0x00000000200010f8                . = ALIGN (0x4)

.tm_clone_table
                0x00000000200010f8        0x0 load address 0x0000000010006138
 .tm_clone_table
                0x00000000200010f8        0x0 /usr/lib/gcc/arm-none-eabi/10.3.1/thumb/v6-m/nofp/crtbegin.o
 .tm_clone_table
                0x00000000200010f8        0x0 /usr/lib/gcc/arm-none-eabi/10.3.1/thumb/v6-m/nofp/crtend.o

.igot.plt       0x00000000200010f8        0x0 load address 0x0000000010006138
 .igot.plt      0x00000000200010f8        0x0 /usr/lib/gcc/arm-none-eabi/10.3.1/thumb/v6-m/nofp/crtbegin.o

.tdata          0x00000000200010f8        0x0 load address 0x0000000010006138
                0x00000000200010f8                . = ALIGN (0x4)
 *(.tdata .tdata.* .gnu.linkonce.td.*)
                0x00000000200010f8                __tdata_end = .
                0x00000000200010f8                PROVIDE (__data_end__ = .)
                0x0000000010005100                __etext = LOADADDR (.data)

.tbss           0x00000000200010f8        0x0 load address 0x0000000010006138
                0x00000000200010f8                . = ALIGN (0x4)
                0x00000000200010f8                __bss_start__ = .
                0x00000000200010f8                __tls_base = .
 *(.tbss .tbss.* .gnu.linkonce.tb.*)
 *(.tcommon)
                0x00000000200010f8                __tls_end = .

.bss            0x00000000200010f8      0xf00 load address 0x0000000010006138
                0x00000000200010f8                . = ALIGN (0x4)
                0x00000000200010f8                __tbss_end = .
 *(SORT_BY_ALIGNMENT(SORT_BY_NAME(.bss*)))
 .bss.default_alarm_pool_entries
                0x00000000200010f8      0x180 CMakeFiles/picture_frame.dir/home/alexmanak/pico-sdk/src/common/pico_time/time.c.o
 .bss.last_avail_time.1
                0x0000000020001278        0x8 CMakeFiles/picture_frame.dir/home/alexmanak/pico-sdk/src/rp2_common/pico_stdio_usb/stdio_usb.c.o
 .bss.sd_table  0x0000000020001280      0x100 CMakeFiles/picture_frame.dir/home/alexmanak/pico-sdk/src/rp2_common/pico_double/double_init_rom_rp2040.c.o
                0x0000000020001280                sd_table
 .bss.sf_table  0x0000000020001380      0x100 CMakeFiles/picture_frame.dir/home/alexmanak/pico-sdk/src/rp2_common/pico_float/float_init_rom_rp2040.c.o
                0x0000000020001380                sf_table
 .bss           0x0000000020001480       0x1c /usr/lib/gcc/arm-none-eabi/10.3.1/thumb/v6-m/nofp/crtbegin.o
 .bss._app_driver
                0x000000002000149c        0x4 CMakeFiles/picture_frame.dir/home/alexmanak/pico-sdk/lib/tinyusb/src/device/usbd.c.o
 .bss._cdcd_epbuf
                0x00000000200014a0       0x80 CMakeFiles/picture_frame.dir/home/alexmanak/pico-sdk/lib/tinyusb/src/class/cdc/cdc_device.c.o
 .bss._cdcd_fifo_cfg
                0x0000000020001520        0x1 CMakeFiles/picture_frame.dir/home/alexmanak/pico-sdk/lib/tinyusb/src/class/cdc/cdc_device.c.o
 *fill*         0x0000000020001521        0x3 
 .bss._cdcd_itf
                0x0000000020001524       0xc8 CMakeFiles/picture_frame.dir/home/alexmanak/pico-sdk/lib/tinyusb/src/class/cdc/cdc_device.c.o
 .bss._ctrl_epbuf
                0x00000000200015ec       0x40 CMakeFiles/picture_frame.dir/home/alexmanak/pico-sdk/lib/tinyusb/src/device/usbd_control.c.o
 .bss._ctrl_xfer
                0x000000002000162c       0x14 CMakeFiles/picture_frame.dir/home/alexmanak/pico-sdk/lib/tinyusb/src/device/usbd_control.c.o
 .bss._tusb_rhport_role
                0x0000000020001640        0x2 CMakeFiles/picture_frame.dir/home/alexmanak/pico-sdk/lib/tinyusb/src/tusb.c.o
                0x0000000020001640                _tusb_rhport_role
 *fill*         0x0000000020001642        0x2 
 .bss._ubsd_mutexdef
                0x0000000020001644        0x8 CMakeFiles/picture_frame.dir/home/alexmanak/pico-sdk/lib/tinyusb/src/device/usbd.c.o
 .bss._usbd_dev
                0x000000002000164c       0x54 CMakeFiles/picture_frame.dir/home/alexmanak/pico-sdk/lib/tinyusb/src/device/usbd.c.o
 .bss._usbd_mutex
                0x00000000200016a0        0x4 CMakeFiles/picture_frame.dir/home/alexmanak/pico-sdk/lib/tinyusb/src/device/usbd.c.o
 .bss._usbd_q   0x00000000200016a4        0x4 CMakeFiles/picture_frame.dir/home/alexmanak/pico-sdk/lib/tinyusb/src/device/usbd.c.o
 .bss._usbd_qdef_buf
                0x00000000200016a8       0xc0 CMakeFiles/picture_frame.dir/home/alexmanak/pico-sdk/lib/tinyusb/src/device/usbd.c.o
                0x00000000200016a8                _usbd_qdef_buf
 .bss._vendord_epbuf
                0x0000000020001768       0x80 CMakeFiles/picture_frame.dir/home/alexmanak/pico-sdk/lib/tinyusb/src/class/vendor/vendor_device.c.o
 .bss._vendord_itf
                0x00000000200017e8      0x24c CMakeFiles/picture_frame.dir/home/alexmanak/pico-sdk/lib/tinyusb/src/class/vendor/vendor_device.c.o
 .bss.boot2_copyout
                0x0000000020001a34      0x100 CMakeFiles/picture_frame.dir/home/alexmanak/pico-sdk/src/rp2_common/hardware_flash/flash.c.o
 .bss.chars_available_callback
                0x0000000020001b34        0x4 CMakeFiles/picture_frame.dir/home/alexmanak/pico-sdk/src/rp2_common/pico_stdio_usb/stdio_usb.c.o
 .bss.chars_available_param
                0x0000000020001b38        0x4 CMakeFiles/picture_frame.dir/home/alexmanak/pico-sdk/src/rp2_common/pico_stdio_usb/stdio_usb.c.o
 .bss.claimed   0x0000000020001b3c        0x4 CMakeFiles/picture_frame.dir/home/alexmanak/pico-sdk/src/rp2_common/hardware_sync/sync.c.o
 .bss.claimed   0x0000000020001b40        0x1 CMakeFiles/picture_frame.dir/home/alexmanak/pico-sdk/src/rp2_common/hardware_timer/timer.c.o
 *fill*         0x0000000020001b41        0x3 
 .bss.configured_freq
                0x0000000020001b44       0x28 CMakeFiles/picture_frame.dir/home/alexmanak/pico-sdk/src/rp2_common/hardware_clocks/clocks.c.o
 .bss.desc_str.0
                0x0000000020001b6c       0x28 CMakeFiles/picture_frame.dir/home/alexmanak/pico-sdk/src/rp2_common/pico_stdio_usb/stdio_usb_descriptors.c.o
 .bss.drivers   0x0000000020001b94        0x4 CMakeFiles/picture_frame.dir/home/alexmanak/pico-sdk/src/rp2_common/pico_stdio/stdio.c.o
 .bss.e15_last_sof
                0x0000000020001b98        0x4 CMakeFiles/picture_frame.dir/home/alexmanak/pico-sdk/lib/tinyusb/src/portable/raspberrypi/rp2040/rp2040_usb.c.o
                0x0000000020001b98                e15_last_sof
 .bss.filter    0x0000000020001b9c        0x4 CMakeFiles/picture_frame.dir/home/alexmanak/pico-sdk/src/rp2_common/pico_stdio/stdio.c.o
 .bss.hw_endpoints
                0x0000000020001ba0      0x400 CMakeFiles/picture_frame.dir/home/alexmanak/pico-sdk/lib/tinyusb/src/portable/raspberrypi/rp2040/dcd_rp2040.c.o
 .bss.lazy_vsnprintf
                0x0000000020001fa0        0x4 CMakeFiles/picture_frame.dir/home/alexmanak/pico-sdk/src/rp2_common/pico_printf/printf.c.o
 .bss.load_value
                0x0000000020001fa4        0x4 CMakeFiles/picture_frame.dir/home/alexmanak/pico-sdk/src/rp2_common/hardware_watchdog/watchdog.c.o
 .bss.next_buffer_ptr
                0x0000000020001fa8        0x4 CMakeFiles/picture_frame.dir/home/alexmanak/pico-sdk/lib/tinyusb/src/portable/raspberrypi/rp2040/dcd_rp2040.c.o
 .bss.one_shot_timer_crit_sec
                0x0000000020001fac        0x8 CMakeFiles/picture_frame.dir/home/alexmanak/pico-sdk/src/rp2_common/pico_stdio_usb/stdio_usb.c.o
 .bss.pools     0x0000000020001fb4       0x10 CMakeFiles/picture_frame.dir/home/alexmanak/pico-sdk/src/common/pico_time/time.c.o
 .bss.retrieved_id
                0x0000000020001fc4        0x8 CMakeFiles/picture_frame.dir/home/alexmanak/pico-sdk/src/rp2_common/pico_unique_id/unique_id.c.o
 .bss.sf_clz_func
                0x0000000020001fcc        0x4 CMakeFiles/picture_frame.dir/home/alexmanak/pico-sdk/src/rp2_common/pico_double/double_init_rom_rp2040.c.o
                0x0000000020001fcc                sf_clz_func
 .bss.sleep_notifier
                0x0000000020001fd0        0x4 CMakeFiles/picture_frame.dir/home/alexmanak/pico-sdk/src/common/pico_time/time.c.o
 .bss.stdio_usb_mutex
                0x0000000020001fd4        0x8 CMakeFiles/picture_frame.dir/home/alexmanak/pico-sdk/src/rp2_common/pico_stdio_usb/stdio_usb.c.o
 .bss.usbd_serial_str
                0x0000000020001fdc       0x11 CMakeFiles/picture_frame.dir/home/alexmanak/pico-sdk/src/rp2_common/pico_stdio_usb/stdio_usb_descriptors.c.o
 .bss._app_driver_count
                0x0000000020001fed        0x1 CMakeFiles/picture_frame.dir/home/alexmanak/pico-sdk/lib/tinyusb/src/device/usbd.c.o
 .bss._sof_enable
                0x0000000020001fee        0x1 CMakeFiles/picture_frame.dir/home/alexmanak/pico-sdk/lib/tinyusb/src/portable/raspberrypi/rp2040/dcd_rp2040.c.o
 .bss._usbd_queued_setup
                0x0000000020001fef        0x1 CMakeFiles/picture_frame.dir/home/alexmanak/pico-sdk/lib/tinyusb/src/device/usbd.c.o
 .bss.boot2_copyout_valid
                0x0000000020001ff0        0x1 CMakeFiles/picture_frame.dir/home/alexmanak/pico-sdk/src/rp2_common/hardware_flash/flash.c.o
 .bss.irq_handler_chain_free_slot_head
                0x0000000020001ff1        0x1 CMakeFiles/picture_frame.dir/home/alexmanak/pico-sdk/src/rp2_common/hardware_irq/irq.c.o
 .bss.itf_num   0x0000000020001ff2        0x1 CMakeFiles/picture_frame.dir/home/alexmanak/pico-sdk/src/rp2_common/pico_stdio_usb/reset_interface.c.o
 .bss.low_priority_irq_num
                0x0000000020001ff3        0x1 CMakeFiles/picture_frame.dir/home/alexmanak/pico-sdk/src/rp2_common/pico_stdio_usb/stdio_usb.c.o
 .bss.one_shot_timer_pending
                0x0000000020001ff4        0x1 CMakeFiles/picture_frame.dir/home/alexmanak/pico-sdk/src/rp2_common/pico_stdio_usb/stdio_usb.c.o
 .bss.user_irq_claimed
                0x0000000020001ff5        0x1 CMakeFiles/picture_frame.dir/home/alexmanak/pico-sdk/src/rp2_common/hardware_irq/irq.c.o
 *(COMMON)
                0x0000000020001ff8                . = ALIGN (0x4)
 *fill*         0x0000000020001ff6        0x2 
                0x0000000020001ff8                __bss_end__ = .

.heap           0x0000000020001ff8      0x800 load address 0x0000000010006138
                0x0000000020001ff8                __end__ = .
                0x0000000020001ff8                end = __end__
 *(.heap*)
 .heap          0x0000000020001ff8      0x800 CMakeFiles/picture_frame.dir/home/alexmanak/pico-sdk/src/rp2_common/pico_crt0/crt0.S.o
                0x0000000020040000                __HeapLimit = (ORIGIN (RAM) + LENGTH (RAM))

.scratch_x      0x0000000020040000        0x0 load address 0x0000000010006138
                0x0000000020040000                __scratch_x_start__ = .
 *(.scratch_x.*)
                0x0000000020040000                . = ALIGN (0x4)
                0x0000000020040000                __scratch_x_end__ = .
                0x0000000010006138                __scratch_x_source__ = LOADADDR (.scratch_x)

.scratch_y      0x0000000020041000        0x0 load address 0x0000000010006138
                0x0000000020041000                __scratch_y_start__ = .
 *(.scratch_y.*)
                0x0000000020041000                . = ALIGN (0x4)
                0x0000000020041000                __scratch_y_end__ = .
                0x0000000010006138                __scratch_y_source__ = LOADADDR (.scratch_y)

.stack1_dummy   0x0000000020040000        0x0
 *(.stack1*)

.stack_dummy    0x0000000020041000      0x800
 *(.stack*)
 .stack         0x0000000020041000      0x800 CMakeFiles/picture_frame.dir/home/alexmanak/pico-sdk/src/rp2_common/pico_crt0/crt0.S.o

.rel.dyn        0x0000000020041800        0x0
 .rel.iplt      0x0000000020041800        0x0 /usr/lib/gcc/arm-none-eabi/10.3.1/thumb/v6-m/nofp/crtbegin.o

.flash_end      0x0000000010006138        0x0
 *(.embedded_end_block*)
                0x0000000010006138                PROVIDE (__flash_binary_end = .)
                0x0000000020040000                __StackLimit = (ORIGIN (RAM) + LENGTH (RAM))
                0x0000000020041000                __StackOneTop = (ORIGIN (SCRATCH_X) + LENGTH (SCRATCH_X))
                0x0000000020042000                __StackTop = (ORIGIN (SCRATCH_Y) + LENGTH (SCRATCH_Y))
                0x0000000020041000                __StackOneBottom = (__StackOneTop - SIZEOF (.stack1_dummy))
                0x0000000020041800                __StackBottom = (__StackTop - SIZEOF (.stack_dummy))
                0x0000000020042000                PROVIDE (__stack = __StackTop)
                [!provide]                        PROVIDE (__heap_start = __end__)
                [!provide]                        PROVIDE (__heap_end = __HeapLimit)
                [!provide]                        PROVIDE (__tls_align = MAX (ALIGNOF (.tdata), ALIGNOF (.tbss)))
                [!provide]                        PROVIDE (__tls_size_align = (((__tls_size + __tls_align) - 0x1) & ~ ((__tls_align - 0x1))))
                [!provide]                        PROVIDE (__arm32_tls_tcb_offset = MAX (0x8, __tls_align))
                [!provide]                        PROVIDE (_end = __end__)
                [!provide]                        PROVIDE (__llvm_libc_heap_limit = __HeapLimit)
                0x0000000000000001                ASSERT ((__StackLimit >= __HeapLimit), region RAM overflowed)
                0x0000000000000001                ASSERT (((__binary_info_header_end - __logical_binary_start) <= 0x100), Binary info must be in first 256 bytes of the binary)
LOAD CMakeFiles/picture_frame.dir/picture_frame.c.o
LOAD CMakeFiles/picture_frame.dir/home/alexmanak/pico-sdk/src/rp2_common/pico_stdlib/stdlib.c.o
LOAD CMakeFiles/picture_frame.dir/home/alexmanak/pico-sdk/src/rp2_common/hardware_gpio/gpio.c.o
LOAD CMakeFiles/picture_frame.dir/home/alexmanak/pico-sdk/src/rp2040/pico_platform/platform.c.o
LOAD CMakeFiles/picture_frame.dir/home/alexmanak/pico-sdk/src/rp2_common/pico_platform_common/common.c.o
LOAD CMakeFiles/picture_frame.dir/home/alexmanak/pico-sdk/src/rp2_common/pico_platform_panic/panic.c.o
LOAD CMakeFiles/picture_frame.dir/home/alexmanak/pico-sdk/src/common/hardware_claim/claim.c.o
LOAD CMakeFiles/picture_frame.dir/home/alexmanak/pico-sdk/src/rp2_common/hardware_sync/sync.c.o
LOAD CMakeFiles/picture_frame.dir/home/alexmanak/pico-sdk/src/rp2_common/hardware_sync_spin_lock/sync_spin_lock.c.o
LOAD CMakeFiles/picture_frame.dir/home/alexmanak/pico-sdk/src/rp2_common/hardware_irq/irq.c.o
LOAD CMakeFiles/picture_frame.dir/home/alexmanak/pico-sdk/src/rp2_common/hardware_irq/irq_handler_chain.S.o
LOAD CMakeFiles/picture_frame.dir/home/alexmanak/pico-sdk/src/common/pico_sync/sem.c.o
LOAD CMakeFiles/picture_frame.dir/home/alexmanak/pico-sdk/src/common/pico_sync/lock_core.c.o
LOAD CMakeFiles/picture_frame.dir/home/alexmanak/pico-sdk/src/common/pico_sync/mutex.c.o
LOAD CMakeFiles/picture_frame.dir/home/alexmanak/pico-sdk/src/common/pico_sync/critical_section.c.o
LOAD CMakeFiles/picture_frame.dir/home/alexmanak/pico-sdk/src/common/pico_time/time.c.o
LOAD CMakeFiles/picture_frame.dir/home/alexmanak/pico-sdk/src/common/pico_time/timeout_helper.c.o
LOAD CMakeFiles/picture_frame.dir/home/alexmanak/pico-sdk/src/rp2_common/hardware_timer/timer.c.o
LOAD CMakeFiles/picture_frame.dir/home/alexmanak/pico-sdk/src/common/pico_util/datetime.c.o
LOAD CMakeFiles/picture_frame.dir/home/alexmanak/pico-sdk/src/common/pico_util/pheap.c.o
LOAD CMakeFiles/picture_frame.dir/home/alexmanak/pico-sdk/src/common/pico_util/queue.c.o
LOAD CMakeFiles/picture_frame.dir/home/alexmanak/pico-sdk/src/rp2_common/hardware_uart/uart.c.o
LOAD CMakeFiles/picture_frame.dir/home/alexmanak/pico-sdk/src/rp2_common/hardware_clocks/clocks.c.o
LOAD CMakeFiles/picture_frame.dir/home/alexmanak/pico-sdk/src/rp2_common/hardware_pll/pll.c.o
LOAD CMakeFiles/picture_frame.dir/home/alexmanak/pico-sdk/src/rp2_common/hardware_vreg/vreg.c.o
LOAD CMakeFiles/picture_frame.dir/home/alexmanak/pico-sdk/src/rp2_common/hardware_watchdog/watchdog.c.o
LOAD CMakeFiles/picture_frame.dir/home/alexmanak/pico-sdk/src/rp2_common/hardware_ticks/ticks.c.o
LOAD CMakeFiles/picture_frame.dir/home/alexmanak/pico-sdk/src/rp2_common/pico_bootrom/bootrom.c.o
LOAD CMakeFiles/picture_frame.dir/home/alexmanak/pico-sdk/src/rp2_common/pico_bootrom/bootrom_lock.c.o
LOAD CMakeFiles/picture_frame.dir/home/alexmanak/pico-sdk/src/rp2_common/hardware_boot_lock/boot_lock.c.o
LOAD CMakeFiles/picture_frame.dir/home/alexmanak/pico-sdk/src/rp2_common/pico_flash/flash.c.o
LOAD CMakeFiles/picture_frame.dir/home/alexmanak/pico-sdk/src/rp2_common/hardware_xosc/xosc.c.o
LOAD CMakeFiles/picture_frame.dir/home/alexmanak/pico-sdk/src/rp2_common/hardware_divider/divider.S.o
LOAD CMakeFiles/picture_frame.dir/home/alexmanak/pico-sdk/src/rp2_common/pico_runtime/runtime.c.o
LOAD CMakeFiles/picture_frame.dir/home/alexmanak/pico-sdk/src/rp2_common/pico_runtime_init/runtime_init.c.o
LOAD CMakeFiles/picture_frame.dir/home/alexmanak/pico-sdk/src/rp2_common/pico_runtime_init/runtime_init_clocks.c.o
LOAD CMakeFiles/picture_frame.dir/home/alexmanak/pico-sdk/src/rp2_common/pico_runtime_init/runtime_init_stack_guard.c.o
LOAD CMakeFiles/picture_frame.dir/home/alexmanak/pico-sdk/src/rp2_common/pico_bit_ops/bit_ops_aeabi.S.o
LOAD CMakeFiles/picture_frame.dir/home/alexmanak/pico-sdk/src/rp2_common/pico_divider/divider_hardware.S.o
LOAD CMakeFiles/picture_frame.dir/home/alexmanak/pico-sdk/src/rp2_common/pico_double/double_aeabi_rp2040.S.o
LOAD CMakeFiles/picture_frame.dir/home/alexmanak/pico-sdk/src/rp2_common/pico_double/double_init_rom_rp2040.c.o
LOAD CMakeFiles/picture_frame.dir/home/alexmanak/pico-sdk/src/rp2_common/pico_double/double_math.c.o
LOAD CMakeFiles/picture_frame.dir/home/alexmanak/pico-sdk/src/rp2_common/pico_double/double_v1_rom_shim_rp2040.S.o
LOAD CMakeFiles/picture_frame.dir/home/alexmanak/pico-sdk/src/rp2_common/pico_int64_ops/pico_int64_ops_aeabi.S.o
LOAD CMakeFiles/picture_frame.dir/home/alexmanak/pico-sdk/src/rp2_common/pico_float/float_aeabi_rp2040.S.o
LOAD CMakeFiles/picture_frame.dir/home/alexmanak/pico-sdk/src/rp2_common/pico_float/float_init_rom_rp2040.c.o
LOAD CMakeFiles/picture_frame.dir/home/alexmanak/pico-sdk/src/rp2_common/pico_float/float_math.c.o
LOAD CMakeFiles/picture_frame.dir/home/alexmanak/pico-sdk/src/rp2_common/pico_float/float_v1_rom_shim_rp2040.S.o
LOAD CMakeFiles/picture_frame.dir/home/alexmanak/pico-sdk/src/rp2_common/pico_malloc/malloc.c.o
LOAD CMakeFiles/picture_frame.dir/home/alexmanak/pico-sdk/src/rp2_common/pico_mem_ops/mem_ops_aeabi.S.o
LOAD CMakeFiles/picture_frame.dir/home/alexmanak/pico-sdk/src/rp2_common/pico_atomic/atomic.c.o
LOAD CMakeFiles/picture_frame.dir/home/alexmanak/pico-sdk/src/rp2_common/pico_cxx_options/new_delete.cpp.o
LOAD CMakeFiles/picture_frame.dir/home/alexmanak/pico-sdk/src/rp2_common/pico_standard_binary_info/standard_binary_info.c.o
LOAD CMakeFiles/picture_frame.dir/home/alexmanak/pico-sdk/src/rp2_common/pico_printf/printf.c.o
LOAD CMakeFiles/picture_frame.dir/home/alexmanak/pico-sdk/src/rp2_common/pico_crt0/crt0.S.o
LOAD CMakeFiles/picture_frame.dir/home/alexmanak/pico-sdk/src/rp2_common/pico_clib_interface/newlib_interface.c.o
LOAD CMakeFiles/picture_frame.dir/home/alexmanak/pico-sdk/src/rp2_common/pico_stdio/stdio.c.o
LOAD CMakeFiles/picture_frame.dir/home/alexmanak/pico-sdk/src/rp2_common/pico_stdio_usb/reset_interface.c.o
LOAD CMakeFiles/picture_frame.dir/home/alexmanak/pico-sdk/src/rp2_common/pico_stdio_usb/stdio_usb.c.o
LOAD CMakeFiles/picture_frame.dir/home/alexmanak/pico-sdk/src/rp2_common/pico_stdio_usb/stdio_usb_descriptors.c.o
LOAD CMakeFiles/picture_frame.dir/home/alexmanak/pico-sdk/src/rp2_common/pico_unique_id/unique_id.c.o
LOAD CMakeFiles/picture_frame.dir/home/alexmanak/pico-sdk/src/rp2_common/hardware_flash/flash.c.o
LOAD CMakeFiles/picture_frame.dir/home/alexmanak/pico-sdk/src/rp2_common/hardware_xip_cache/xip_cache.c.o
LOAD CMakeFiles/picture_frame.dir/home/alexmanak/pico-sdk/lib/tinyusb/src/portable/raspberrypi/rp2040/dcd_rp2040.c.o
LOAD CMakeFiles/picture_frame.dir/home/alexmanak/pico-sdk/lib/tinyusb/src/portable/raspberrypi/rp2040/rp2040_usb.c.o
LOAD CMakeFiles/picture_frame.dir/home/alexmanak/pico-sdk/lib/tinyusb/src/device/usbd.c.o
LOAD CMakeFiles/picture_frame.dir/home/alexmanak/pico-sdk/lib/tinyusb/src/device/usbd_control.c.o
LOAD CMakeFiles/picture_frame.dir/home/alexmanak/pico-sdk/lib/tinyusb/src/class/audio/audio_device.c.o
LOAD CMakeFiles/picture_frame.dir/home/alexmanak/pico-sdk/lib/tinyusb/src/class/cdc/cdc_device.c.o
LOAD CMakeFiles/picture_frame.dir/home/alexmanak/pico-sdk/lib/tinyusb/src/class/dfu/dfu_device.c.o
LOAD CMakeFiles/picture_frame.dir/home/alexmanak/pico-sdk/lib/tinyusb/src/class/dfu/dfu_rt_device.c.o
LOAD CMakeFiles/picture_frame.dir/home/alexmanak/pico-sdk/lib/tinyusb/src/class/hid/hid_device.c.o
LOAD CMakeFiles/picture_frame.dir/home/alexmanak/pico-sdk/lib/tinyusb/src/class/midi/midi_device.c.o
LOAD CMakeFiles/picture_frame.dir/home/alexmanak/pico-sdk/lib/tinyusb/src/class/msc/msc_device.c.o
LOAD CMakeFiles/picture_frame.dir/home/alexmanak/pico-sdk/lib/tinyusb/src/class/net/ecm_rndis_device.c.o
LOAD CMakeFiles/picture_frame.dir/home/alexmanak/pico-sdk/lib/tinyusb/src/class/net/ncm_device.c.o
LOAD CMakeFiles/picture_frame.dir/home/alexmanak/pico-sdk/lib/tinyusb/src/class/usbtmc/usbtmc_device.c.o
LOAD CMakeFiles/picture_frame.dir/home/alexmanak/pico-sdk/lib/tinyusb/src/class/vendor/vendor_device.c.o
LOAD CMakeFiles/picture_frame.dir/home/alexmanak/pico-sdk/lib/tinyusb/src/class/video/video_device.c.o
LOAD CMakeFiles/picture_frame.dir/home/alexmanak/pico-sdk/lib/tinyusb/src/tusb.c.o
LOAD CMakeFiles/picture_frame.dir/home/alexmanak/pico-sdk/lib/tinyusb/src/common/tusb_fifo.c.o
LOAD CMakeFiles/picture_frame.dir/home/alexmanak/pico-sdk/src/rp2_common/pico_fix/rp2040_usb_device_enumeration/rp2040_usb_device_enumeration.c.o
LOAD CMakeFiles/picture_frame.dir/home/alexmanak/pico-sdk/src/rp2_common/hardware_i2c/i2c.c.o
LOAD pico-sdk/src/rp2040/boot_stage2/CMakeFiles/bs2_default_library.dir/bs2_default_padded_checksummed.S.o
LOAD /usr/lib/gcc/arm-none-eabi/10.3.1/../../../arm-none-eabi/lib/thumb/v6-m/nofp/libstdc++.a
LOAD /usr/lib/gcc/arm-none-eabi/10.3.1/../../../arm-none-eabi/lib/thumb/v6-m/nofp/libm.a
START GROUP
LOAD /usr/lib/gcc/arm-none-eabi/10.3.1/thumb/v6-m/nofp/libgcc.a
LOAD /usr/lib/gcc/arm-none-eabi/10.3.1/../../../arm-none-eabi/lib/thumb/v6-m/nofp/libg.a
LOAD /usr/lib/gcc/arm-none-eabi/10.3.1/../../../arm-none-eabi/lib/thumb/v6-m/nofp/libc.a
END GROUP
START GROUP
LOAD /usr/lib/gcc/arm-none-eabi/10.3.1/thumb/v6-m/nofp/libgcc.a
LOAD /usr/lib/gcc/arm-none-eabi/10.3.1/../../../arm-none-eabi/lib/thumb/v6-m/nofp/libc.a
LOAD /usr/lib/gcc/arm-none-eabi/10.3.1/../../../arm-none-eabi/lib/thumb/v6-m/nofp/libnosys.a
END GROUP
LOAD /usr/lib/gcc/arm-none-eabi/10.3.1/thumb/v6-m/nofp/crtend.o
LOAD /usr/lib/gcc/arm-none-eabi/10.3.1/thumb/v6-m/nofp/crtn.o
OUTPUT(picture_frame.elf elf32-littlearm)
LOAD linker stubs

.ARM.attributes
                0x0000000000000000       0x28
 .ARM.attributes
                0x0000000000000000       0x1e /usr/lib/gcc/arm-none-eabi/10.3.1/thumb/v6-m/nofp/crti.o
 .ARM.attributes
                0x000000000000001e       0x2c /usr/lib/gcc/arm-none-eabi/10.3.1/thumb/v6-m/nofp/crtbegin.o
 .ARM.attributes
                0x000000000000004a       0x2c CMakeFiles/picture_frame.dir/picture_frame.c.o
 .ARM.attributes
                0x0000000000000076       0x2c CMakeFiles/picture_frame.dir/home/alexmanak/pico-sdk/src/rp2_common/hardware_gpio/gpio.c.o
 .ARM.attributes
                0x00000000000000a2       0x2c CMakeFiles/picture_frame.dir/home/alexmanak/pico-sdk/src/rp2040/pico_platform/platform.c.o
 .ARM.attributes
                0x00000000000000ce       0x2c CMakeFiles/picture_frame.dir/home/alexmanak/pico-sdk/src/rp2_common/pico_platform_panic/panic.c.o
 .ARM.attributes
                0x00000000000000fa       0x2c CMakeFiles/picture_frame.dir/home/alexmanak/pico-sdk/src/common/hardware_claim/claim.c.o
 .ARM.attributes